Component: ARM Compiler 6.16 Tool: armlink [5dfeaa00]

==============================================================================

Section Cross References

    main.o(.ARM.exidx.text.convertToString) refers to main.o(.text.convertToString) for [Anonymous Symbol]
    main.o(.ARM.exidx.text.printchar) refers to main.o(.text.printchar) for [Anonymous Symbol]
    main.o(.text.print) refers to main.o(.text.printchar) for printchar
    main.o(.ARM.exidx.text.print) refers to main.o(.text.print) for [Anonymous Symbol]
    main.o(.text.tiva_init) refers to lcd.o(.text.LCD_Init) for LCD_Init
    main.o(.ARM.exidx.text.tiva_init) refers to main.o(.text.tiva_init) for [Anonymous Symbol]
    main.o(.text.Task1) refers to adc.o(.text.adc_init) for adc_init
    main.o(.text.Task1) refers to main.o(.bss.xLCDQueue) for xLCDQueue
    main.o(.text.Task1) refers to main.o(.bss.xBuzzerQueue) for xBuzzerQueue
    main.o(.text.Task1) refers to main.o(.bss.xUARTQueue) for xUARTQueue
    main.o(.text.Task1) refers to queue.o(.text.xQueueReceive) for xQueueReceive
    main.o(.text.Task1) refers to adc.o(.text.adc_read) for adc_read
    main.o(.text.Task1) refers to main.o(.text.convertToString) for convertToString
    main.o(.text.Task1) refers to queue.o(.text.xQueueGenericSend) for xQueueGenericSend
    main.o(.ARM.exidx.text.Task1) refers to main.o(.text.Task1) for [Anonymous Symbol]
    main.o(.text.Task2) refers to main.o(.bss.xUARTQueue) for xUARTQueue
    main.o(.text.Task2) refers to queue.o(.text.xQueueGenericSend) for xQueueGenericSend
    main.o(.text.Task2) refers to main.o(.text.print) for print
    main.o(.ARM.exidx.text.Task2) refers to main.o(.text.Task2) for [Anonymous Symbol]
    main.o(.text.Task3) refers to lcd.o(.text.LCD_Reset) for LCD_Reset
    main.o(.text.Task3) refers to main.o(.bss.xLCDQueue) for xLCDQueue
    main.o(.text.Task3) refers to queue.o(.text.xQueueReceive) for xQueueReceive
    main.o(.text.Task3) refers to lcd.o(.text.LCD_Row) for LCD_Row
    main.o(.text.Task3) refers to lcd.o(.text.LCD_Show) for LCD_Show
    main.o(.text.Task3) refers to tasks.o(.text.vTaskDelay) for vTaskDelay
    main.o(.ARM.exidx.text.Task3) refers to main.o(.text.Task3) for [Anonymous Symbol]
    main.o(.text.Task4) refers to main.o(.bss.xBuzzerQueue) for xBuzzerQueue
    main.o(.text.Task4) refers to queue.o(.text.xQueueReceive) for xQueueReceive
    main.o(.ARM.exidx.text.Task4) refers to main.o(.text.Task4) for [Anonymous Symbol]
    main.o(.text.main) refers to queue.o(.text.xQueueGenericCreate) for xQueueGenericCreate
    main.o(.text.main) refers to main.o(.bss.xUARTQueue) for xUARTQueue
    main.o(.text.main) refers to main.o(.bss.xLCDQueue) for xLCDQueue
    main.o(.text.main) refers to main.o(.bss.xBuzzerQueue) for xBuzzerQueue
    main.o(.text.main) refers to main.o(.text.tiva_init) for tiva_init
    main.o(.text.main) refers to main.o(.text.Task1) for Task1
    main.o(.text.main) refers to tasks.o(.text.xTaskCreate) for xTaskCreate
    main.o(.text.main) refers to main.o(.text.Task2) for Task2
    main.o(.text.main) refers to main.o(.text.Task3) for Task3
    main.o(.text.main) refers to main.o(.text.Task4) for Task4
    main.o(.text.main) refers to tasks.o(.text.vTaskStartScheduler) for vTaskStartScheduler
    main.o(.ARM.exidx.text.main) refers to main.o(.text.main) for [Anonymous Symbol]
    lcd.o(.ARM.exidx.text.delayUs) refers to lcd.o(.text.delayUs) for [Anonymous Symbol]
    lcd.o(.ARM.exidx.text.delayMs) refers to lcd.o(.text.delayMs) for [Anonymous Symbol]
    lcd.o(.text.LCD_Cmd) refers to lcd.o(.text.delayUs) for delayUs
    lcd.o(.text.LCD_Cmd) refers to lcd.o(.text.delayMs) for delayMs
    lcd.o(.ARM.exidx.text.LCD_Cmd) refers to lcd.o(.text.LCD_Cmd) for [Anonymous Symbol]
    lcd.o(.text.LCD_Init) refers to lcd.o(.text.delayMs) for delayMs
    lcd.o(.text.LCD_Init) refers to lcd.o(.text.LCD_Cmd) for LCD_Cmd
    lcd.o(.text.LCD_Init) refers to lcd.o(.text.delayUs) for delayUs
    lcd.o(.ARM.exidx.text.LCD_Init) refers to lcd.o(.text.LCD_Init) for [Anonymous Symbol]
    lcd.o(.text.LCD_Data) refers to lcd.o(.text.delayUs) for delayUs
    lcd.o(.ARM.exidx.text.LCD_Data) refers to lcd.o(.text.LCD_Data) for [Anonymous Symbol]
    lcd.o(.text.LCD_Reset) refers to lcd.o(.text.LCD_Cmd) for LCD_Cmd
    lcd.o(.ARM.exidx.text.LCD_Reset) refers to lcd.o(.text.LCD_Reset) for [Anonymous Symbol]
    lcd.o(.text.LCD_Row) refers to lcd.o(.text.LCD_Cmd) for LCD_Cmd
    lcd.o(.ARM.exidx.text.LCD_Row) refers to lcd.o(.text.LCD_Row) for [Anonymous Symbol]
    lcd.o(.text.LCD_Show) refers to lcd.o(.text.LCD_Data) for LCD_Data
    lcd.o(.text.LCD_Show) refers to strlen.o(.text) for strlen
    lcd.o(.ARM.exidx.text.LCD_Show) refers to lcd.o(.text.LCD_Show) for [Anonymous Symbol]
    adc.o(.ARM.exidx.text.adc_init) refers to adc.o(.text.adc_init) for [Anonymous Symbol]
    adc.o(.ARM.exidx.text.adc_read) refers to adc.o(.text.adc_read) for [Anonymous Symbol]
[...]
    ../clib/armsys.c                         0x00000000   Number         0  argv_veneer.o ABSOLUTE
    ../clib/armsys.c                         0x00000000   Number         0  _get_argv_nomalloc.o ABSOLUTE
    ../clib/armsys.c                         0x00000000   Number         0  no_argv.o ABSOLUTE
    ../clib/heapalloc.c                      0x00000000   Number         0  hrguard.o ABSOLUTE
    ../clib/heapaux.c                        0x00000000   Number         0  heapauxi.o ABSOLUTE
    ../clib/libinit.s                        0x00000000   Number         0  libinit.o ABSOLUTE
    ../clib/libinit.s                        0x00000000   Number         0  libinit2.o ABSOLUTE
    ../clib/libinit.s                        0x00000000   Number         0  libshutdown.o ABSOLUTE
    ../clib/libinit.s                        0x00000000   Number         0  libshutdown2.o ABSOLUTE
    ../clib/memcpset.s                       0x00000000   Number         0  rt_memcpy_v6.o ABSOLUTE
    ../clib/memcpset.s                       0x00000000   Number         0  aeabi_memset4.o ABSOLUTE
    ../clib/memcpset.s                       0x00000000   Number         0  rt_memcpy_w.o ABSOLUTE
    ../clib/memcpset.s                       0x00000000   Number         0  rt_memclr_w.o ABSOLUTE
    ../clib/signal.c                         0x00000000   Number         0  defsig_rtmem_outer.o ABSOLUTE
    ../clib/signal.c                         0x00000000   Number         0  defsig_rtmem_formal.o ABSOLUTE
    ../clib/signal.c                         0x00000000   Number         0  defsig_exit.o ABSOLUTE
    ../clib/signal.c                         0x00000000   Number         0  defsig_rtmem_inner.o ABSOLUTE
    ../clib/signal.c                         0x00000000   Number         0  __raise.o ABSOLUTE
    ../clib/signal.c                         0x00000000   Number         0  defsig_general.o ABSOLUTE
    ../clib/signal.c                         0x00000000   Number         0  defsig_abrt_inner.o ABSOLUTE
    ../clib/signal.c                         0x00000000   Number         0  defsig_fpe_inner.o ABSOLUTE
    ../clib/signal.c                         0x00000000   Number         0  defsig_rtred_inner.o ABSOLUTE
    ../clib/signal.c                         0x00000000   Number         0  defsig_stak_inner.o ABSOLUTE
    ../clib/signal.c                         0x00000000   Number         0  defsig_pvfn_inner.o ABSOLUTE
    ../clib/signal.c                         0x00000000   Number         0  defsig_cppl_inner.o ABSOLUTE
    ../clib/signal.c                         0x00000000   Number         0  defsig_segv_inner.o ABSOLUTE
    ../clib/signal.c                         0x00000000   Number         0  defsig_other.o ABSOLUTE
    ../clib/signal.s                         0x00000000   Number         0  defsig.o ABSOLUTE
    ../clib/stdlib.c                         0x00000000   Number         0  exit.o ABSOLUTE
    ../clib/string.c                         0x00000000   Number         0  strlen.o ABSOLUTE
    ../fplib/fpinit.s                        0x00000000   Number         0  fpinit.o ABSOLUTE
    ADC.c                                    0x00000000   Number         0  adc.o ABSOLUTE
    LCD.c                                    0x00000000   Number         0  lcd.o ABSOLUTE
    RTE/Device/TM4C123GH6PM/startup_TM4C123.s 0x00000000   Number         0  startup_tm4c123.o ABSOLUTE
    dc.s                                     0x00000000   Number         0  dc.o ABSOLUTE
    freertos_evr.c                           0x00000000   Number         0  freertos_evr.o ABSOLUTE
    heap_4.c                                 0x00000000   Number         0  heap_4.o ABSOLUTE
    list.c                                   0x00000000   Number         0  list.o ABSOLUTE
    main.c                                   0x00000000   Number         0  main.o ABSOLUTE
    port.c                                   0x00000000   Number         0  port.o ABSOLUTE
    queue.c                                  0x00000000   Number         0  queue.o ABSOLUTE
    system_TM4C123.c                         0x00000000   Number         0  system_tm4c123.o ABSOLUTE
    tasks.c                                  0x00000000   Number         0  tasks.o ABSOLUTE
    timers.c                                 0x00000000   Number         0  timers.o ABSOLUTE
    RESET                                    0x00000000   Section      620  startup_tm4c123.o(RESET)
    !!!main                                  0x0000026c   Section        8  __main.o(!!!main)
    !!!scatter                               0x00000274   Section       52  __scatter.o(!!!scatter)
    !!handler_copy                           0x000002a8   Section       26  __scatter_copy.o(!!handler_copy)
    !!handler_zi                             0x000002c4   Section       28  __scatter_zi.o(!!handler_zi)
    .ARM.Collect$$libinit$$00000000          0x000002e0   Section        2  libinit.o(.ARM.Collect$$libinit$$00000000)
    .ARM.Collect$$libinit$$00000001          0x000002e2   Section        4  libinit2.o(.ARM.Collect$$libinit$$00000001)
    .ARM.Collect$$libinit$$00000004          0x000002e6   Section        0  libinit2.o(.ARM.Collect$$libinit$$00000004)
    .ARM.Collect$$libinit$$0000000A          0x000002e6   Section        0  libinit2.o(.ARM.Collect$$libinit$$0000000A)
    .ARM.Collect$$libinit$$0000000C          0x000002e6   Section        0  libinit2.o(.ARM.Collect$$libinit$$0000000C)
    .ARM.Collect$$libinit$$0000000E          0x000002e6   Section        0  libinit2.o(.ARM.Collect$$libinit$$0000000E)
    .ARM.Collect$$libinit$$00000011          0x000002e6   Section        0  libinit2.o(.ARM.Collect$$libinit$$00000011)
    .ARM.Collect$$libinit$$00000013          0x000002e6   Section        0  libinit2.o(.ARM.Collect$$libinit$$00000013)
    .ARM.Collect$$libinit$$00000015          0x000002e6   Section        0  libinit2.o(.ARM.Collect$$libinit$$00000015)
    .ARM.Collect$$libinit$$00000017          0x000002e6   Section        0  libinit2.o(.ARM.Collect$$libinit$$00000017)
    .ARM.Collect$$libinit$$00000019          0x000002e6   Section        0  libinit2.o(.ARM.Collect$$libinit$$00000019)
    .ARM.Collect$$libinit$$0000001B          0x000002e6   Section        0  libinit2.o(.ARM.Collect$$libinit$$0000001B)
    .ARM.Collect$$libinit$$0000001D          0x000002e6   Section        0  libinit2.o(.ARM.Collect$$libinit$$0000001D)
    .ARM.Collect$$libinit$$0000001F          0x000002e6   Section        0  libinit2.o(.ARM.Collect$$libinit$$0000001F)
    .ARM.Collect$$libinit$$00000021          0x000002e6   Section        0  libinit2.o(.ARM.Collect$$libinit$$00000021)
    .ARM.Collect$$libinit$$00000023          0x000002e6   Section        0  libinit2.o(.ARM.Collect$$libinit$$00000023)
    .ARM.Collect$$libinit$$00000025          0x000002e6   Section        0  libinit2.o(.ARM.Collect$$libinit$$00000025)
    .ARM.Collect$$libinit$$0000002C          0x000002e6   Section        0  libinit2.o(.ARM.Collect$$libinit$$0000002C)
    .ARM.Collect$$libinit$$0000002E          0x000002e6   Section        0  libinit2.o(.ARM.Collect$$libinit$$0000002E)
    .ARM.Collect$$libinit$$00000030          0x000002e6   Section        0  libinit2.o(.ARM.Collect$$libinit$$00000030)
    .ARM.Collect$$libinit$$00000032          0x000002e6   Section        0  libinit2.o(.ARM.Collect$$libinit$$00000032)
    .ARM.Collect$$libinit$$00000033          0x000002e6   Section        2  libinit2.o(.ARM.Collect$$libinit$$00000033)
    .ARM.Collect$$libshutdown$$00000000      0x000002e8   Section        2  libshutdown.o(.ARM.Collect$$libshutdown$$00000000)
    .ARM.Collect$$libshutdown$$00000002      0x000002ea   Section        0  libshutdown2.o(.ARM.Collect$$libshutdown$$00000002)
    .ARM.Collect$$libshutdown$$00000004      0x000002ea   Section        0  libshutdown2.o(.ARM.Collect$$libshutdown$$00000004)
    .ARM.Collect$$libshutdown$$00000007      0x000002ea   Section        0  libshutdown2.o(.ARM.Collect$$libshutdown$$00000007)
    .ARM.Collect$$libshutdown$$0000000A      0x000002ea   Section        0  libshutdown2.o(.ARM.Collect$$libshutdown$$0000000A)
    .ARM.Collect$$libshutdown$$0000000C      0x000002ea   Section        0  libshutdown2.o(.ARM.Collect$$libshutdown$$0000000C)
    .ARM.Collect$$libshutdown$$0000000F      0x000002ea   Section        0  libshutdown2.o(.ARM.Collect$$libshutdown$$0000000F)
    .ARM.Collect$$libshutdown$$00000010      0x000002ea   Section        2  libshutdown2.o(.ARM.Collect$$libshutdown$$00000010)
    .ARM.Collect$$rtentry$$00000000          0x000002ec   Section        0  __rtentry.o(.ARM.Collect$$rtentry$$00000000)
    .ARM.Collect$$rtentry$$00000002          0x000002ec   Section        0  __rtentry2.o(.ARM.Collect$$rtentry$$00000002)
    .ARM.Collect$$rtentry$$00000004          0x000002ec   Section        6  __rtentry4.o(.ARM.Collect$$rtentry$$00000004)
    .ARM.Collect$$rtentry$$00000009          0x000002f2   Section        0  __rtentry2.o(.ARM.Collect$$rtentry$$00000009)
    .ARM.Collect$$rtentry$$0000000A          0x000002f2   Section        4  __rtentry2.o(.ARM.Collect$$rtentry$$0000000A)
    .ARM.Collect$$rtentry$$0000000C          0x000002f6   Section        0  __rtentry2.o(.ARM.Collect$$rtentry$$0000000C)
    .ARM.Collect$$rtentry$$0000000D          0x000002f6   Section        8  __rtentry2.o(.ARM.Collect$$rtentry$$0000000D)
    .ARM.Collect$$rtexit$$00000000           0x000002fe   Section        2  rtexit.o(.ARM.Collect$$rtexit$$00000000)
    .ARM.Collect$$rtexit$$00000002           0x00000300   Section        0  rtexit2.o(.ARM.Collect$$rtexit$$00000002)
    .ARM.Collect$$rtexit$$00000003           0x00000300   Section        4  rtexit2.o(.ARM.Collect$$rtexit$$00000003)
    .ARM.Collect$$rtexit$$00000004           0x00000304   Section        6  rtexit2.o(.ARM.Collect$$rtexit$$00000004)
    $v0                                      0x0000030c   Number         0  startup_tm4c123.o(.text)
    .text                                    0x0000030c   Section      276  startup_tm4c123.o(.text)
    .text                                    0x00000420   Section        0  strlen.o(.text)
    .text                                    0x0000045e   Section      138  rt_memcpy_v6.o(.text)
    .text                                    0x000004e8   Section       16  aeabi_memset4.o(.text)
    .text                                    0x000004f8   Section        0  heapauxi.o(.text)
    .text                                    0x000004fe   Section      100  rt_memcpy_w.o(.text)
    .text                                    0x00000562   Section       78  rt_memclr_w.o(.text)
    .text                                    0x000005b0   Section       74  sys_stackheap_outer.o(.text)
    .text                                    0x000005fa   Section        0  exit.o(.text)
    .text                                    0x0000060c   Section        8  libspace.o(.text)
    .text                                    0x00000614   Section        0  sys_exit.o(.text)
    .text                                    0x00000620   Section        2  use_no_semi.o(.text)
    .text                                    0x00000622   Section        0  indicate_semi.o(.text)
    [Anonymous Symbol]                       0x00000624   Section        0  lcd.o(.text.LCD_Cmd)
    [Anonymous Symbol]                       0x00000658   Section        0  lcd.o(.text.LCD_Data)
    [Anonymous Symbol]                       0x00000684   Section        0  lcd.o(.text.LCD_Init)
    [Anonymous Symbol]                       0x000006fc   Section        0  lcd.o(.text.LCD_Reset)
    [Anonymous Symbol]                       0x00000708   Section        0  lcd.o(.text.LCD_Row)
    [Anonymous Symbol]                       0x00000724   Section        0  lcd.o(.text.LCD_Show)
    [Anonymous Symbol]                       0x00000750   Section        0  port.o(.text.PendSV_Handler)
    pxCurrentTCBConst                        0x000007b0   Number         0  port.o(.text.PendSV_Handler)
    [Anonymous Symbol]                       0x000007c0   Section        0  port.o(.text.SVC_Handler)
    pxCurrentTCBConst2                       0x000007e0   Number         0  port.o(.text.SVC_Handler)
    [Anonymous Symbol]                       0x000007e4   Section        0  port.o(.text.SysTick_Handler)
    [Anonymous Symbol]                       0x00000814   Section        0  system_tm4c123.o(.text.SystemInit)
    [Anonymous Symbol]                       0x00000828   Section        0  main.o(.text.Task1)
    [Anonymous Symbol]                       0x000008dc   Section        0  main.o(.text.Task2)
    [Anonymous Symbol]                       0x0000099c   Section        0  main.o(.text.Task3)
    [Anonymous Symbol]                       0x00000a08   Section        0  main.o(.text.Task4)
    [Anonymous Symbol]                       0x00000a44   Section        0  adc.o(.text.adc_init)
    [Anonymous Symbol]                       0x00000ab8   Section        0  adc.o(.text.adc_read)
    [Anonymous Symbol]                       0x00000adc   Section        0  main.o(.text.convertToString)
    [Anonymous Symbol]                       0x00000b18   Section        0  lcd.o(.text.delayMs)
    [Anonymous Symbol]                       0x00000b3c   Section        0  lcd.o(.text.delayUs)
    [Anonymous Symbol]                       0x00000b58   Section        0  tasks.o(.text.eTaskConfirmSleepModeStatus)
    [Anonymous Symbol]                       0x00000ba0   Section        0  main.o(.text.main)
    [Anonymous Symbol]                       0x00000c7c   Section        0  main.o(.text.print)
    [Anonymous Symbol]                       0x00000c98   Section        0  main.o(.text.printchar)
    prvAddCurrentTaskToDelayedList           0x00000cad   Thumb Code   198  tasks.o(.text.prvAddCurrentTaskToDelayedList)
    [Anonymous Symbol]                       0x00000cac   Section        0  tasks.o(.text.prvAddCurrentTaskToDelayedList)
    prvAddNewTaskToReadyList                 0x00000d75   Thumb Code   206  tasks.o(.text.prvAddNewTaskToReadyList)
    [Anonymous Symbol]                       0x00000d74   Section        0  tasks.o(.text.prvAddNewTaskToReadyList)
    prvCheckForValidListAndQueue             0x00000e45   Thumb Code    90  timers.o(.text.prvCheckForValidListAndQueue)
    [Anonymous Symbol]                       0x00000e44   Section        0  timers.o(.text.prvCheckForValidListAndQueue)
    prvCheckTasksWaitingTermination          0x00000ea1   Thumb Code    78  tasks.o(.text.prvCheckTasksWaitingTermination)
    [Anonymous Symbol]                       0x00000ea0   Section        0  tasks.o(.text.prvCheckTasksWaitingTermination)
    prvCopyDataFromQueue                     0x00000ef1   Thumb Code    38  queue.o(.text.prvCopyDataFromQueue)
    [Anonymous Symbol]                       0x00000ef0   Section        0  queue.o(.text.prvCopyDataFromQueue)
    prvCopyDataToQueue                       0x00000f19   Thumb Code   122  queue.o(.text.prvCopyDataToQueue)
    [Anonymous Symbol]                       0x00000f18   Section        0  queue.o(.text.prvCopyDataToQueue)
    prvDeleteTCB                             0x00000f95   Thumb Code    18  tasks.o(.text.prvDeleteTCB)
    [Anonymous Symbol]                       0x00000f94   Section        0  tasks.o(.text.prvDeleteTCB)
    prvGetExpectedIdleTime                   0x00000fa9   Thumb Code    68  tasks.o(.text.prvGetExpectedIdleTime)
    [Anonymous Symbol]                       0x00000fa8   Section        0  tasks.o(.text.prvGetExpectedIdleTime)
    prvGetNextExpireTime                     0x00000fed   Thumb Code    32  timers.o(.text.prvGetNextExpireTime)
    [Anonymous Symbol]                       0x00000fec   Section        0  timers.o(.text.prvGetNextExpireTime)
    prvHeapInit                              0x0000100d   Thumb Code   116  heap_4.o(.text.prvHeapInit)
    [Anonymous Symbol]                       0x0000100c   Section        0  heap_4.o(.text.prvHeapInit)
    prvIdleTask                              0x00001081   Thumb Code   114  tasks.o(.text.prvIdleTask)
    [Anonymous Symbol]                       0x00001080   Section        0  tasks.o(.text.prvIdleTask)
    prvInitialiseNewQueue                    0x000010f5   Thumb Code    36  queue.o(.text.prvInitialiseNewQueue)
    [Anonymous Symbol]                       0x000010f4   Section        0  queue.o(.text.prvInitialiseNewQueue)
    prvInitialiseNewTask                     0x00001119   Thumb Code   170  tasks.o(.text.prvInitialiseNewTask)
    [Anonymous Symbol]                       0x00001118   Section        0  tasks.o(.text.prvInitialiseNewTask)
    prvInitialiseTaskLists                   0x000011c5   Thumb Code   110  tasks.o(.text.prvInitialiseTaskLists)
    [Anonymous Symbol]                       0x000011c4   Section        0  tasks.o(.text.prvInitialiseTaskLists)
    prvInsertBlockIntoFreeList               0x00001235   Thumb Code    90  heap_4.o(.text.prvInsertBlockIntoFreeList)
    [Anonymous Symbol]                       0x00001234   Section        0  heap_4.o(.text.prvInsertBlockIntoFreeList)
    prvInsertTimerInActiveList               0x00001291   Thumb Code    64  timers.o(.text.prvInsertTimerInActiveList)
    [Anonymous Symbol]                       0x00001290   Section        0  timers.o(.text.prvInsertTimerInActiveList)
    prvIsQueueEmpty                          0x000012d1   Thumb Code    24  queue.o(.text.prvIsQueueEmpty)
    [Anonymous Symbol]                       0x000012d0   Section        0  queue.o(.text.prvIsQueueEmpty)
    prvIsQueueFull                           0x000012e9   Thumb Code    28  queue.o(.text.prvIsQueueFull)
    [Anonymous Symbol]                       0x000012e8   Section        0  queue.o(.text.prvIsQueueFull)
    prvNotifyQueueSetContainer               0x00001305   Thumb Code   142  queue.o(.text.prvNotifyQueueSetContainer)
    [Anonymous Symbol]                       0x00001304   Section        0  queue.o(.text.prvNotifyQueueSetContainer)
    prvPortStartFirstTask                    0x00001395   Thumb Code    40  port.o(.text.prvPortStartFirstTask)
    [Anonymous Symbol]                       0x00001394   Section        0  port.o(.text.prvPortStartFirstTask)
    prvProcessExpiredTimer                   0x000013bd   Thumb Code    62  timers.o(.text.prvProcessExpiredTimer)
    [Anonymous Symbol]                       0x000013bc   Section        0  timers.o(.text.prvProcessExpiredTimer)
    prvProcessReceivedCommands               0x000013fd   Thumb Code   274  timers.o(.text.prvProcessReceivedCommands)
    [Anonymous Symbol]                       0x000013fc   Section        0  timers.o(.text.prvProcessReceivedCommands)
    prvProcessTimerOrBlockTask               0x00001511   Thumb Code   128  timers.o(.text.prvProcessTimerOrBlockTask)
    [Anonymous Symbol]                       0x00001510   Section        0  timers.o(.text.prvProcessTimerOrBlockTask)
    prvReloadTimer                           0x00001591   Thumb Code    58  timers.o(.text.prvReloadTimer)
    [Anonymous Symbol]                       0x00001590   Section        0  timers.o(.text.prvReloadTimer)
    prvResetNextTaskUnblockTime              0x000015cd   Thumb Code    38  tasks.o(.text.prvResetNextTaskUnblockTime)
    [Anonymous Symbol]                       0x000015cc   Section        0  tasks.o(.text.prvResetNextTaskUnblockTime)
    prvSampleTimeNow                         0x000015f5   Thumb Code    42  timers.o(.text.prvSampleTimeNow)
    [Anonymous Symbol]                       0x000015f4   Section        0  timers.o(.text.prvSampleTimeNow)
    prvSwitchTimerLists                      0x00001621   Thumb Code    52  timers.o(.text.prvSwitchTimerLists)
    [Anonymous Symbol]                       0x00001620   Section        0  timers.o(.text.prvSwitchTimerLists)
    prvTaskExitError                         0x00001655   Thumb Code    50  port.o(.text.prvTaskExitError)
    [Anonymous Symbol]                       0x00001654   Section        0  port.o(.text.prvTaskExitError)
    prvTimerTask                             0x00001689   Thumb Code    22  timers.o(.text.prvTimerTask)
    [Anonymous Symbol]                       0x00001688   Section        0  timers.o(.text.prvTimerTask)
    prvUnlockQueue                           0x000016a1   Thumb Code   134  queue.o(.text.prvUnlockQueue)
    [Anonymous Symbol]                       0x000016a0   Section        0  queue.o(.text.prvUnlockQueue)
    [Anonymous Symbol]                       0x00001728   Section        0  heap_4.o(.text.pvPortMalloc)
    [Anonymous Symbol]                       0x00001878   Section        0  port.o(.text.pxPortInitialiseStack)
    [Anonymous Symbol]                       0x000018a0   Section        0  main.o(.text.tiva_init)
    [Anonymous Symbol]                       0x000019a0   Section        0  list.o(.text.uxListRemove)
    [Anonymous Symbol]                       0x000019c4   Section        0  list.o(.text.vListInitialise)
    [Anonymous Symbol]                       0x000019dc   Section        0  list.o(.text.vListInitialiseItem)
    [Anonymous Symbol]                       0x000019e4   Section        0  list.o(.text.vListInsert)
    vPortEnableVFP                           0x00001a21   Thumb Code    20  port.o(.text.vPortEnableVFP)
    [Anonymous Symbol]                       0x00001a20   Section        0  port.o(.text.vPortEnableVFP)
    [Anonymous Symbol]                       0x00001a34   Section        0  port.o(.text.vPortEnterCritical)
    [Anonymous Symbol]                       0x00001a7c   Section        0  port.o(.text.vPortExitCritical)
    [Anonymous Symbol]                       0x00001aac   Section        0  heap_4.o(.text.vPortFree)
    [Anonymous Symbol]                       0x00001b38   Section        0  port.o(.text.vPortSetupTimerInterrupt)
    [Anonymous Symbol]                       0x00001b9c   Section        0  port.o(.text.vPortSuppressTicksAndSleep)
    [Anonymous Symbol]                       0x00001cb0   Section        0  queue.o(.text.vQueueWaitForMessageRestricted)
    [Anonymous Symbol]                       0x00001cf4   Section        0  tasks.o(.text.vTaskDelay)
    [Anonymous Symbol]                       0x00001d48   Section        0  tasks.o(.text.vTaskInternalSetTimeOutState)
    [Anonymous Symbol]                       0x00001d64   Section        0  tasks.o(.text.vTaskMissedYield)
    [Anonymous Symbol]                       0x00001d74   Section        0  tasks.o(.text.vTaskPlaceOnEventList)
    [Anonymous Symbol]                       0x00001da8   Section        0  tasks.o(.text.vTaskPlaceOnEventListRestricted)
    [Anonymous Symbol]                       0x00001e18   Section        0  tasks.o(.text.vTaskStartScheduler)
    [Anonymous Symbol]                       0x00001eb4   Section        0  tasks.o(.text.vTaskStepTick)
    [Anonymous Symbol]                       0x00001eec   Section        0  tasks.o(.text.vTaskSuspendAll)
    __tagsym$$used.0                         0x00001efc   Number         0  tasks.o(.text.vTaskSwitchContext)
    [Anonymous Symbol]                       0x00001efc   Section        0  tasks.o(.text.vTaskSwitchContext)
    [Anonymous Symbol]                       0x00001f84   Section        0  port.o(.text.xPortStartScheduler)
    [Anonymous Symbol]                       0x00002098   Section        0  queue.o(.text.xQueueGenericCreate)
    [Anonymous Symbol]                       0x000020ec   Section        0  queue.o(.text.xQueueGenericReset)
    [Anonymous Symbol]                       0x000021a0   Section        0  queue.o(.text.xQueueGenericSend)
    [Anonymous Symbol]                       0x00002370   Section        0  queue.o(.text.xQueueReceive)
    [Anonymous Symbol]                       0x000024f4   Section        0  tasks.o(.text.xTaskCheckForTimeOut)
    [Anonymous Symbol]                       0x0000259c   Section        0  tasks.o(.text.xTaskCreate)
    [Anonymous Symbol]                       0x000025fc   Section        0  tasks.o(.text.xTaskGetSchedulerState)
    [Anonymous Symbol]                       0x00002624   Section        0  tasks.o(.text.xTaskGetTickCount)
    [Anonymous Symbol]                       0x00002630   Section        0  tasks.o(.text.xTaskIncrementTick)
    [Anonymous Symbol]                       0x000027dc   Section        0  tasks.o(.text.xTaskPriorityDisinherit)
    [Anonymous Symbol]                       0x000028a0   Section        0  tasks.o(.text.xTaskRemoveFromEventList)
    [Anonymous Symbol]                       0x00002998   Section        0  tasks.o(.text.xTaskResumeAll)
    [Anonymous Symbol]                       0x00002b04   Section        0  timers.o(.text.xTimerCreateTimerTask)
    $v0                                      0x00002b64   Number         0  fpinit.o(x$fpl$fpinit)
    x$fpl$fpinit                             0x00002b64   Section       26  fpinit.o(x$fpl$fpinit)
    uxCriticalNesting                        0x20000004   Data           4  port.o(.data.uxCriticalNesting)
    [Anonymous Symbol]                       0x20000004   Section        0  port.o(.data.uxCriticalNesting)
    .bss                                     0x20000008   Section       96  libspace.o(.bss)
    prvSampleTimeNow.xLastTime               0x20000068   Data           4  timers.o(.bss.prvSampleTimeNow.xLastTime)
    [Anonymous Symbol]                       0x20000068   Section        0  timers.o(.bss.prvSampleTimeNow.xLastTime)
    pxCurrentTimerList                       0x20000070   Data           4  timers.o(.bss.pxCurrentTimerList)
    [Anonymous Symbol]                       0x20000070   Section        0  timers.o(.bss.pxCurrentTimerList)
    pxDelayedTaskList                        0x20000074   Data           4  tasks.o(.bss.pxDelayedTaskList)
    [Anonymous Symbol]                       0x20000074   Section        0  tasks.o(.bss.pxDelayedTaskList)
    pxEnd                                    0x20000078   Data           4  heap_4.o(.bss.pxEnd)
    [Anonymous Symbol]                       0x20000078   Section        0  heap_4.o(.bss.pxEnd)
    pxOverflowDelayedTaskList                0x2000007c   Data           4  tasks.o(.bss.pxOverflowDelayedTaskList)
    [Anonymous Symbol]                       0x2000007c   Section        0  tasks.o(.bss.pxOverflowDelayedTaskList)
    pxOverflowTimerList                      0x20000080   Data           4  timers.o(.bss.pxOverflowTimerList)
    [Anonymous Symbol]                       0x20000080   Section        0  timers.o(.bss.pxOverflowTimerList)
    pxReadyTasksLists                        0x20000084   Data         100  tasks.o(.bss.pxReadyTasksLists)
    [Anonymous Symbol]                       0x20000084   Section        0  tasks.o(.bss.pxReadyTasksLists)
    ucHeap                                   0x200000e8   Data       30000  heap_4.o(.bss.ucHeap)
    [Anonymous Symbol]                       0x200000e8   Section        0  heap_4.o(.bss.ucHeap)
    ucMaxSysCallPriority                     0x20007618   Data           1  port.o(.bss.ucMaxSysCallPriority)
    [Anonymous Symbol]                       0x20007618   Section        0  port.o(.bss.ucMaxSysCallPriority)
    ulMaxPRIGROUPValue                       0x2000761c   Data           4  port.o(.bss.ulMaxPRIGROUPValue)
    [Anonymous Symbol]                       0x2000761c   Section        0  port.o(.bss.ulMaxPRIGROUPValue)
    ulStoppedTimerCompensation               0x20007620   Data           1  port.o(.bss.ulStoppedTimerCompensation)
    [Anonymous Symbol]                       0x20007620   Section        0  port.o(.bss.ulStoppedTimerCompensation)
    ulTimerCountsForOneTick                  0x20007624   Data           4  port.o(.bss.ulTimerCountsForOneTick)
    [Anonymous Symbol]                       0x20007624   Section        0  port.o(.bss.ulTimerCountsForOneTick)
    uxCurrentNumberOfTasks                   0x20007628   Data           4  tasks.o(.bss.uxCurrentNumberOfTasks)
    [Anonymous Symbol]                       0x20007628   Section        0  tasks.o(.bss.uxCurrentNumberOfTasks)
    uxDeletedTasksWaitingCleanUp             0x2000762c   Data           4  tasks.o(.bss.uxDeletedTasksWaitingCleanUp)
    [Anonymous Symbol]                       0x2000762c   Section        0  tasks.o(.bss.uxDeletedTasksWaitingCleanUp)
    uxSchedulerSuspended                     0x20007630   Data           4  tasks.o(.bss.uxSchedulerSuspended)
    [Anonymous Symbol]                       0x20007630   Section        0  tasks.o(.bss.uxSchedulerSuspended)
    uxTaskNumber                             0x20007634   Data           4  tasks.o(.bss.uxTaskNumber)
    [Anonymous Symbol]                       0x20007634   Section        0  tasks.o(.bss.uxTaskNumber)
    uxTopReadyPriority                       0x20007638   Data           4  tasks.o(.bss.uxTopReadyPriority)
    [Anonymous Symbol]                       0x20007638   Section        0  tasks.o(.bss.uxTopReadyPriority)
    xActiveTimerList1                        0x2000763c   Data          20  timers.o(.bss.xActiveTimerList1)
    [Anonymous Symbol]                       0x2000763c   Section        0  timers.o(.bss.xActiveTimerList1)
    xActiveTimerList2                        0x20007650   Data          20  timers.o(.bss.xActiveTimerList2)
    [Anonymous Symbol]                       0x20007650   Section        0  timers.o(.bss.xActiveTimerList2)
    xBlockAllocatedBit                       0x20007664   Data           1  heap_4.o(.bss.xBlockAllocatedBit)
    [Anonymous Symbol]                       0x20007664   Section        0  heap_4.o(.bss.xBlockAllocatedBit)
    xDelayedTaskList1                        0x2000766c   Data          20  tasks.o(.bss.xDelayedTaskList1)
    [Anonymous Symbol]                       0x2000766c   Section        0  tasks.o(.bss.xDelayedTaskList1)
    xDelayedTaskList2                        0x20007680   Data          20  tasks.o(.bss.xDelayedTaskList2)
    [Anonymous Symbol]                       0x20007680   Section        0  tasks.o(.bss.xDelayedTaskList2)
    xFreeBytesRemaining                      0x20007694   Data           4  heap_4.o(.bss.xFreeBytesRemaining)
    [Anonymous Symbol]                       0x20007694   Section        0  heap_4.o(.bss.xFreeBytesRemaining)
    xIdleTaskHandle                          0x20007698   Data           4  tasks.o(.bss.xIdleTaskHandle)
    [Anonymous Symbol]                       0x20007698   Section        0  tasks.o(.bss.xIdleTaskHandle)
    xMaximumPossibleSuppressedTicks          0x200076a0   Data           4  port.o(.bss.xMaximumPossibleSuppressedTicks)
    [Anonymous Symbol]                       0x200076a0   Section        0  port.o(.bss.xMaximumPossibleSuppressedTicks)
    xMinimumEverFreeBytesRemaining           0x200076a4   Data           4  heap_4.o(.bss.xMinimumEverFreeBytesRemaining)
    [Anonymous Symbol]                       0x200076a4   Section        0  heap_4.o(.bss.xMinimumEverFreeBytesRemaining)
    xNextTaskUnblockTime                     0x200076a8   Data           4  tasks.o(.bss.xNextTaskUnblockTime)
    [Anonymous Symbol]                       0x200076a8   Section        0  tasks.o(.bss.xNextTaskUnblockTime)
    xNumOfOverflows                          0x200076ac   Data           4  tasks.o(.bss.xNumOfOverflows)
    [Anonymous Symbol]                       0x200076ac   Section        0  tasks.o(.bss.xNumOfOverflows)
    xNumberOfSuccessfulAllocations           0x200076b0   Data           4  heap_4.o(.bss.xNumberOfSuccessfulAllocations)
    [Anonymous Symbol]                       0x200076b0   Section        0  heap_4.o(.bss.xNumberOfSuccessfulAllocations)
    xNumberOfSuccessfulFrees                 0x200076b4   Data           4  heap_4.o(.bss.xNumberOfSuccessfulFrees)
    [Anonymous Symbol]                       0x200076b4   Section        0  heap_4.o(.bss.xNumberOfSuccessfulFrees)
    xPendedTicks                             0x200076b8   Data           4  tasks.o(.bss.xPendedTicks)
    [Anonymous Symbol]                       0x200076b8   Section        0  tasks.o(.bss.xPendedTicks)
    xPendingReadyList                        0x200076bc   Data          20  tasks.o(.bss.xPendingReadyList)
    [Anonymous Symbol]                       0x200076bc   Section        0  tasks.o(.bss.xPendingReadyList)
    xSchedulerRunning                        0x200076d0   Data           4  tasks.o(.bss.xSchedulerRunning)
    [Anonymous Symbol]                       0x200076d0   Section        0  tasks.o(.bss.xSchedulerRunning)
    xStart                                   0x200076d4   Data           8  heap_4.o(.bss.xStart)
    [Anonymous Symbol]                       0x200076d4   Section        0  heap_4.o(.bss.xStart)
    xSuspendedTaskList                       0x200076dc   Data          20  tasks.o(.bss.xSuspendedTaskList)
    [Anonymous Symbol]                       0x200076dc   Section        0  tasks.o(.bss.xSuspendedTaskList)
    xTasksWaitingTermination                 0x200076f0   Data          20  tasks.o(.bss.xTasksWaitingTermination)
    [Anonymous Symbol]                       0x200076f0   Section        0  tasks.o(.bss.xTasksWaitingTermination)
    xTickCount                               0x20007704   Data           4  tasks.o(.bss.xTickCount)
    [Anonymous Symbol]                       0x20007704   Section        0  tasks.o(.bss.xTickCount)
    xTimerQueue                              0x20007708   Data           4  timers.o(.bss.xTimerQueue)
    [Anonymous Symbol]                       0x20007708   Section        0  timers.o(.bss.xTimerQueue)
    xTimerTaskHandle                         0x2000770c   Data           4  timers.o(.bss.xTimerTaskHandle)
    [Anonymous Symbol]                       0x2000770c   Section        0  timers.o(.bss.xTimerTaskHandle)
    xYieldPending                            0x20007714   Data           4  tasks.o(.bss.xYieldPending)
    [Anonymous Symbol]                       0x20007714   Section        0  tasks.o(.bss.xYieldPending)
    Heap_Mem                                 0x20007718   Data           0  startup_tm4c123.o(HEAP)
    Stack_Mem                                0x20007718   Data         512  startup_tm4c123.o(STACK)
    HEAP                                     0x20007718   Section        0  startup_tm4c123.o(HEAP)
    STACK                                    0x20007718   Section      512  startup_tm4c123.o(STACK)
    __initial_sp                             0x20007918   Data           0  startup_tm4c123.o(STACK)

    Global Symbols

    Symbol Name                              Value     Ov Type        Size  Object(Section)

    BuildAttributes$$THM_ISAv4$E$P$D$K$B$S$7EM$VFPi3$EXTD16$VFPS$VFMA$PE$A:L22UL41UL21$X:L11$S22US41US21$IEEE1$IW$~IW$USESV6$~STKCKD$USESV7$~SHL$OTIME$ROPI$EBA8$UX$STANDARDLIB$REQ8$PRES8$EABIv2 0x00000000   Number         0  anon$$obj.o ABSOLUTE
    __Vectors                                0x00000000   Data           4  startup_tm4c123.o(RESET)
    __ARM_exceptions_init                     - Undefined Weak Reference
    __alloca_initialize                       - Undefined Weak Reference
    __arm_preinit_                            - Undefined Weak Reference
    __cpp_initialize__aeabi_                  - Undefined Weak Reference
    __cxa_finalize                            - Undefined Weak Reference
    __rt_locale                               - Undefined Weak Reference
    __sigvec_lookup                           - Undefined Weak Reference
    _atexit_init                              - Undefined Weak Reference
    _call_atexit_fns                          - Undefined Weak Reference
    _clock_init                               - Undefined Weak Reference
    _fp_trap_init                             - Undefined Weak Reference
    _fp_trap_shutdown                         - Undefined Weak Reference
    _get_lc_collate                           - Undefined Weak Reference
    _get_lc_ctype                             - Undefined Weak Reference
    _get_lc_monetary                          - Undefined Weak Reference
    _get_lc_numeric                           - Undefined Weak Reference
    _get_lc_time                              - Undefined Weak Reference
    _getenv_init                              - Undefined Weak Reference
    _handle_redirection                       - Undefined Weak Reference
    _init_alloc                               - Undefined Weak Reference
    _init_user_alloc                          - Undefined Weak Reference
    _initio                                   - Undefined Weak Reference
    _rand_init                                - Undefined Weak Reference
    _signal_finish                            - Undefined Weak Reference
    _signal_init                              - Undefined Weak Reference
    _terminate_alloc                          - Undefined Weak Reference
    _terminate_user_alloc                     - Undefined Weak Reference
    _terminateio                              - Undefined Weak Reference
    __Vectors_End                            0x0000026c   Data           0  startup_tm4c123.o(RESET)
    __Vectors_Size                           0x0000026c   Number         0  startup_tm4c123.o ABSOLUTE
    __main                                   0x0000026d   Thumb Code     8  __main.o(!!!main)
    __scatterload                            0x00000275   Thumb Code     0  __scatter.o(!!!scatter)
    __scatterload_rt2                        0x00000275   Thumb Code    44  __scatter.o(!!!scatter)
    __scatterload_rt2_thumb_only             0x00000275   Thumb Code     0  __scatter.o(!!!scatter)
    __scatterload_null                       0x00000283   Thumb Code     0  __scatter.o(!!!scatter)
    __scatterload_copy                       0x000002a9   Thumb Code    26  __scatter_copy.o(!!handler_copy)
    __scatterload_zeroinit                   0x000002c5   Thumb Code    28  __scatter_zi.o(!!handler_zi)
    __rt_lib_init                            0x000002e1   Thumb Code     0  libinit.o(.ARM.Collect$$libinit$$00000000)
    __rt_lib_init_fp_1                       0x000002e3   Thumb Code     0  libinit2.o(.ARM.Collect$$libinit$$00000001)
    __rt_lib_init_alloca_1                   0x000002e7   Thumb Code     0  libinit2.o(.ARM.Collect$$libinit$$0000002E)
    __rt_lib_init_argv_1                     0x000002e7   Thumb Code     0  libinit2.o(.ARM.Collect$$libinit$$0000002C)
    __rt_lib_init_atexit_1                   0x000002e7   Thumb Code     0  libinit2.o(.ARM.Collect$$libinit$$0000001B)
    __rt_lib_init_clock_1                    0x000002e7   Thumb Code     0  libinit2.o(.ARM.Collect$$libinit$$00000021)
    __rt_lib_init_cpp_1                      0x000002e7   Thumb Code     0  libinit2.o(.ARM.Collect$$libinit$$00000032)
    __rt_lib_init_exceptions_1               0x000002e7   Thumb Code     0  libinit2.o(.ARM.Collect$$libinit$$00000030)
    __rt_lib_init_fp_trap_1                  0x000002e7   Thumb Code     0  libinit2.o(.ARM.Collect$$libinit$$0000001F)
    __rt_lib_init_getenv_1                   0x000002e7   Thumb Code     0  libinit2.o(.ARM.Collect$$libinit$$00000023)
    __rt_lib_init_heap_1                     0x000002e7   Thumb Code     0  libinit2.o(.ARM.Collect$$libinit$$0000000A)
    __rt_lib_init_lc_collate_1               0x000002e7   Thumb Code     0  libinit2.o(.ARM.Collect$$libinit$$00000011)
    __rt_lib_init_lc_ctype_1                 0x000002e7   Thumb Code     0  libinit2.o(.ARM.Collect$$libinit$$00000013)
    __rt_lib_init_lc_monetary_1              0x000002e7   Thumb Code     0  libinit2.o(.ARM.Collect$$libinit$$00000015)
    __rt_lib_init_lc_numeric_1               0x000002e7   Thumb Code     0  libinit2.o(.ARM.Collect$$libinit$$00000017)
    __rt_lib_init_lc_time_1                  0x000002e7   Thumb Code     0  libinit2.o(.ARM.Collect$$libinit$$00000019)
    __rt_lib_init_preinit_1                  0x000002e7   Thumb Code     0  libinit2.o(.ARM.Collect$$libinit$$00000004)
    __rt_lib_init_rand_1                     0x000002e7   Thumb Code     0  libinit2.o(.ARM.Collect$$libinit$$0000000E)
    __rt_lib_init_return                     0x000002e7   Thumb Code     0  libinit2.o(.ARM.Collect$$libinit$$00000033)
    __rt_lib_init_signal_1                   0x000002e7   Thumb Code     0  libinit2.o(.ARM.Collect$$libinit$$0000001D)
    __rt_lib_init_stdio_1                    0x000002e7   Thumb Code     0  libinit2.o(.ARM.Collect$$libinit$$00000025)
    __rt_lib_init_user_alloc_1               0x000002e7   Thumb Code     0  libinit2.o(.ARM.Collect$$libinit$$0000000C)
    __rt_lib_shutdown                        0x000002e9   Thumb Code     0  libshutdown.o(.ARM.Collect$$libshutdown$$00000000)
    __rt_lib_shutdown_cpp_1                  0x000002eb   Thumb Code     0  libshutdown2.o(.ARM.Collect$$libshutdown$$00000002)
    __rt_lib_shutdown_fp_trap_1              0x000002eb   Thumb Code     0  libshutdown2.o(.ARM.Collect$$libshutdown$$00000007)
    __rt_lib_shutdown_heap_1                 0x000002eb   Thumb Code     0  libshutdown2.o(.ARM.Collect$$libshutdown$$0000000F)
    __rt_lib_shutdown_return                 0x000002eb   Thumb Code     0  libshutdown2.o(.ARM.Collect$$libshutdown$$00000010)
    __rt_lib_shutdown_signal_1               0x000002eb   Thumb Code     0  libshutdown2.o(.ARM.Collect$$libshutdown$$0000000A)
    __rt_lib_shutdown_stdio_1                0x000002eb   Thumb Code     0  libshutdown2.o(.ARM.Collect$$libshutdown$$00000004)
    __rt_lib_shutdown_user_alloc_1           0x000002eb   Thumb Code     0  libshutdown2.o(.ARM.Collect$$libshutdown$$0000000C)
    __rt_entry                               0x000002ed   Thumb Code     0  __rtentry.o(.ARM.Collect$$rtentry$$00000000)
    __rt_entry_presh_1                       0x000002ed   Thumb Code     0  __rtentry2.o(.ARM.Collect$$rtentry$$00000002)
    __rt_entry_sh                            0x000002ed   Thumb Code     0  __rtentry4.o(.ARM.Collect$$rtentry$$00000004)
    __rt_entry_li                            0x000002f3   Thumb Code     0  __rtentry2.o(.ARM.Collect$$rtentry$$0000000A)
    __rt_entry_postsh_1                      0x000002f3   Thumb Code     0  __rtentry2.o(.ARM.Collect$$rtentry$$00000009)
    __rt_entry_main                          0x000002f7   Thumb Code     0  __rtentry2.o(.ARM.Collect$$rtentry$$0000000D)
    __rt_entry_postli_1                      0x000002f7   Thumb Code     0  __rtentry2.o(.ARM.Collect$$rtentry$$0000000C)
    __rt_exit                                0x000002ff   Thumb Code     0  rtexit.o(.ARM.Collect$$rtexit$$00000000)
    __rt_exit_ls                             0x00000301   Thumb Code     0  rtexit2.o(.ARM.Collect$$rtexit$$00000003)
    __rt_exit_prels_1                        0x00000301   Thumb Code     0  rtexit2.o(.ARM.Collect$$rtexit$$00000002)
    __rt_exit_exit                           0x00000305   Thumb Code     0  rtexit2.o(.ARM.Collect$$rtexit$$00000004)
    Reset_Handler                            0x0000030d   Thumb Code     8  startup_tm4c123.o(.text)
    NMI_Handler                              0x00000315   Thumb Code     2  startup_tm4c123.o(.text)
    HardFault_Handler                        0x00000317   Thumb Code     2  startup_tm4c123.o(.text)
    MemManage_Handler                        0x00000319   Thumb Code     2  startup_tm4c123.o(.text)
    BusFault_Handler                         0x0000031b   Thumb Code     2  startup_tm4c123.o(.text)
    UsageFault_Handler                       0x0000031d   Thumb Code     2  startup_tm4c123.o(.text)
    DebugMon_Handler                         0x00000321   Thumb Code     2  startup_tm4c123.o(.text)
    GPIOA_Handler                            0x00000327   Thumb Code     2  startup_tm4c123.o(.text)
    GPIOB_Handler                            0x00000329   Thumb Code     2  startup_tm4c123.o(.text)
    GPIOC_Handler                            0x0000032b   Thumb Code     2  startup_tm4c123.o(.text)
    GPIOD_Handler                            0x0000032d   Thumb Code     2  startup_tm4c123.o(.text)
    GPIOE_Handler                            0x0000032f   Thumb Code     2  startup_tm4c123.o(.text)
    UART0_Handler                            0x00000331   Thumb Code     2  startup_tm4c123.o(.text)
    UART1_Handler                            0x00000333   Thumb Code     2  startup_tm4c123.o(.text)
    SSI0_Handler                             0x00000335   Thumb Code     2  startup_tm4c123.o(.text)
    I2C0_Handler                             0x00000337   Thumb Code     2  startup_tm4c123.o(.text)
    PMW0_FAULT_Handler                       0x00000339   Thumb Code     2  startup_tm4c123.o(.text)
    PWM0_0_Handler                           0x0000033b   Thumb Code     2  startup_tm4c123.o(.text)
    PWM0_1_Handler                           0x0000033d   Thumb Code     2  startup_tm4c123.o(.text)
    PWM0_2_Handler                           0x0000033f   Thumb Code     2  startup_tm4c123.o(.text)
    QEI0_Handler                             0x00000341   Thumb Code     2  startup_tm4c123.o(.text)
    ADC0SS0_Handler                          0x00000343   Thumb Code     2  startup_tm4c123.o(.text)
    ADC0SS1_Handler                          0x00000345   Thumb Code     2  startup_tm4c123.o(.text)
    ADC0SS2_Handler                          0x00000347   Thumb Code     2  startup_tm4c123.o(.text)
    ADC0SS3_Handler                          0x00000349   Thumb Code     2  startup_tm4c123.o(.text)
    WDT0_Handler                             0x0000034b   Thumb Code     2  startup_tm4c123.o(.text)
    TIMER0A_Handler                          0x0000034d   Thumb Code     2  startup_tm4c123.o(.text)
    TIMER0B_Handler                          0x0000034f   Thumb Code     2  startup_tm4c123.o(.text)
    TIMER1A_Handler                          0x00000351   Thumb Code     2  startup_tm4c123.o(.text)
    TIMER1B_Handler                          0x00000353   Thumb Code     2  startup_tm4c123.o(.text)
    TIMER2A_Handler                          0x00000355   Thumb Code     2  startup_tm4c123.o(.text)
    TIMER2B_Handler                          0x00000357   Thumb Code     2  startup_tm4c123.o(.text)
    COMP0_Handler                            0x00000359   Thumb Code     2  startup_tm4c123.o(.text)
    COMP1_Handler                            0x0000035b   Thumb Code     2  startup_tm4c123.o(.text)
    COMP2_Handler                            0x0000035d   Thumb Code     2  startup_tm4c123.o(.text)
    SYSCTL_Handler                           0x0000035f   Thumb Code     2  startup_tm4c123.o(.text)
    FLASH_Handler                            0x00000361   Thumb Code     2  startup_tm4c123.o(.text)
    GPIOF_Handler                            0x00000363   Thumb Code     2  startup_tm4c123.o(.text)
    GPIOG_Handler                            0x00000365   Thumb Code     2  startup_tm4c123.o(.text)
    GPIOH_Handler                            0x00000367   Thumb Code     2  startup_tm4c123.o(.text)
    UART2_Handler                            0x00000369   Thumb Code     2  startup_tm4c123.o(.text)
    SSI1_Handler                             0x0000036b   Thumb Code     2  startup_tm4c123.o(.text)
    TIMER3A_Handler                          0x0000036d   Thumb Code     2  startup_tm4c123.o(.text)
    TIMER3B_Handler                          0x0000036f   Thumb Code     2  startup_tm4c123.o(.text)
    I2C1_Handler                             0x00000371   Thumb Code     2  startup_tm4c123.o(.text)
    QEI1_Handler                             0x00000373   Thumb Code     2  startup_tm4c123.o(.text)
    CAN0_Handler                             0x00000375   Thumb Code     2  startup_tm4c123.o(.text)
    CAN1_Handler                             0x00000377   Thumb Code     2  startup_tm4c123.o(.text)
    CAN2_Handler                             0x00000379   Thumb Code     2  startup_tm4c123.o(.text)
    HIB_Handler                              0x0000037b   Thumb Code     2  startup_tm4c123.o(.text)
    USB0_Handler                             0x0000037d   Thumb Code     2  startup_tm4c123.o(.text)
    PWM0_3_Handler                           0x0000037f   Thumb Code     2  startup_tm4c123.o(.text)
    UDMA_Handler                             0x00000381   Thumb Code     2  startup_tm4c123.o(.text)
    UDMAERR_Handler                          0x00000383   Thumb Code     2  startup_tm4c123.o(.text)
    ADC1SS0_Handler                          0x00000385   Thumb Code     2  startup_tm4c123.o(.text)
    ADC1SS1_Handler                          0x00000387   Thumb Code     2  startup_tm4c123.o(.text)
    ADC1SS2_Handler                          0x00000389   Thumb Code     2  startup_tm4c123.o(.text)
    ADC1SS3_Handler                          0x0000038b   Thumb Code     2  startup_tm4c123.o(.text)
    GPIOJ_Handler                            0x0000038d   Thumb Code     2  startup_tm4c123.o(.text)
    GPIOK_Handler                            0x0000038f   Thumb Code     2  startup_tm4c123.o(.text)
    GPIOL_Handler                            0x00000391   Thumb Code     2  startup_tm4c123.o(.text)
    SSI2_Handler                             0x00000393   Thumb Code     2  startup_tm4c123.o(.text)
    SSI3_Handler                             0x00000395   Thumb Code     2  startup_tm4c123.o(.text)
    UART3_Handler                            0x00000397   Thumb Code     2  startup_tm4c123.o(.text)
    UART4_Handler                            0x00000399   Thumb Code     2  startup_tm4c123.o(.text)
    UART5_Handler                            0x0000039b   Thumb Code     2  startup_tm4c123.o(.text)
    UART6_Handler                            0x0000039d   Thumb Code     2  startup_tm4c123.o(.text)
    UART7_Handler                            0x0000039f   Thumb Code     2  startup_tm4c123.o(.text)
    I2C2_Handler                             0x000003a1   Thumb Code     2  startup_tm4c123.o(.text)
    I2C3_Handler                             0x000003a3   Thumb Code     2  startup_tm4c123.o(.text)
    TIMER4A_Handler                          0x000003a5   Thumb Code     2  startup_tm4c123.o(.text)
    TIMER4B_Handler                          0x000003a7   Thumb Code     2  startup_tm4c123.o(.text)
    TIMER5A_Handler                          0x000003a9   Thumb Code     2  startup_tm4c123.o(.text)
    TIMER5B_Handler                          0x000003ab   Thumb Code     2  startup_tm4c123.o(.text)
    WTIMER0A_Handler                         0x000003ad   Thumb Code     2  startup_tm4c123.o(.text)
    WTIMER0B_Handler                         0x000003af   Thumb Code     2  startup_tm4c123.o(.text)
    WTIMER1A_Handler                         0x000003b1   Thumb Code     2  startup_tm4c123.o(.text)
    WTIMER1B_Handler                         0x000003b3   Thumb Code     2  startup_tm4c123.o(.text)
    WTIMER2A_Handler                         0x000003b5   Thumb Code     2  startup_tm4c123.o(.text)
    WTIMER2B_Handler                         0x000003b7   Thumb Code     2  startup_tm4c123.o(.text)
    WTIMER3A_Handler                         0x000003b9   Thumb Code     2  startup_tm4c123.o(.text)
    WTIMER3B_Handler                         0x000003bb   Thumb Code     2  startup_tm4c123.o(.text)
    WTIMER4A_Handler                         0x000003bd   Thumb Code     2  startup_tm4c123.o(.text)
    WTIMER4B_Handler                         0x000003bf   Thumb Code     2  startup_tm4c123.o(.text)
    WTIMER5A_Handler                         0x000003c1   Thumb Code     2  startup_tm4c123.o(.text)
    WTIMER5B_Handler                         0x000003c3   Thumb Code     2  startup_tm4c123.o(.text)
    FPU_Handler                              0x000003c5   Thumb Code     2  startup_tm4c123.o(.text)
    I2C4_Handler                             0x000003c7   Thumb Code     2  startup_tm4c123.o(.text)
    I2C5_Handler                             0x000003c9   Thumb Code     2  startup_tm4c123.o(.text)
    GPIOM_Handler                            0x000003cb   Thumb Code     2  startup_tm4c123.o(.text)
    GPION_Handler                            0x000003cd   Thumb Code     2  startup_tm4c123.o(.text)
    QEI2_Handler                             0x000003cf   Thumb Code     2  startup_tm4c123.o(.text)
    GPIOP0_Handler                           0x000003d1   Thumb Code     2  startup_tm4c123.o(.text)
    GPIOP1_Handler                           0x000003d3   Thumb Code     2  startup_tm4c123.o(.text)
    GPIOP2_Handler                           0x000003d5   Thumb Code     2  startup_tm4c123.o(.text)
    GPIOP3_Handler                           0x000003d7   Thumb Code     2  startup_tm4c123.o(.text)
    GPIOP4_Handler                           0x000003d9   Thumb Code     2  startup_tm4c123.o(.text)
    GPIOP5_Handler                           0x000003db   Thumb Code     2  startup_tm4c123.o(.text)
    GPIOP6_Handler                           0x000003dd   Thumb Code     2  startup_tm4c123.o(.text)
    GPIOP7_Handler                           0x000003df   Thumb Code     2  startup_tm4c123.o(.text)
    GPIOQ0_Handler                           0x000003e1   Thumb Code     2  startup_tm4c123.o(.text)
    GPIOQ1_Handler                           0x000003e3   Thumb Code     2  startup_tm4c123.o(.text)
    GPIOQ2_Handler                           0x000003e5   Thumb Code     2  startup_tm4c123.o(.text)
    GPIOQ3_Handler                           0x000003e7   Thumb Code     2  startup_tm4c123.o(.text)
    GPIOQ4_Handler                           0x000003e9   Thumb Code     2  startup_tm4c123.o(.text)
    GPIOQ5_Handler                           0x000003eb   Thumb Code     2  startup_tm4c123.o(.text)
    GPIOQ6_Handler                           0x000003ed   Thumb Code     2  startup_tm4c123.o(.text)
    GPIOQ7_Handler                           0x000003ef   Thumb Code     2  startup_tm4c123.o(.text)
    GPIOR_Handler                            0x000003f1   Thumb Code     2  startup_tm4c123.o(.text)
    GPIOS_Handler                            0x000003f3   Thumb Code     2  startup_tm4c123.o(.text)
    PMW1_0_Handler                           0x000003f5   Thumb Code     2  startup_tm4c123.o(.text)
    PWM1_1_Handler                           0x000003f7   Thumb Code     2  startup_tm4c123.o(.text)
    PWM1_2_Handler                           0x000003f9   Thumb Code     2  startup_tm4c123.o(.text)
    PWM1_3_Handler                           0x000003fb   Thumb Code     2  startup_tm4c123.o(.text)
    PWM1_FAULT_Handler                       0x000003fd   Thumb Code     2  startup_tm4c123.o(.text)
    __user_initial_stackheap                 0x00000401   Thumb Code     0  startup_tm4c123.o(.text)
    strlen                                   0x00000421   Thumb Code    62  strlen.o(.text)
    __aeabi_memcpy                           0x0000045f   Thumb Code     0  rt_memcpy_v6.o(.text)
    __rt_memcpy                              0x0000045f   Thumb Code   138  rt_memcpy_v6.o(.text)
    _memcpy_lastbytes                        0x000004c5   Thumb Code     0  rt_memcpy_v6.o(.text)
    __aeabi_memset4                          0x000004e9   Thumb Code    16  aeabi_memset4.o(.text)
    __aeabi_memset8                          0x000004e9   Thumb Code     0  aeabi_memset4.o(.text)
    __use_two_region_memory                  0x000004f9   Thumb Code     2  heapauxi.o(.text)
    __rt_heap_escrow$2region                 0x000004fb   Thumb Code     2  heapauxi.o(.text)
    __rt_heap_expand$2region                 0x000004fd   Thumb Code     2  heapauxi.o(.text)
    __aeabi_memcpy4                          0x000004ff   Thumb Code     0  rt_memcpy_w.o(.text)
    __aeabi_memcpy8                          0x000004ff   Thumb Code     0  rt_memcpy_w.o(.text)
    __rt_memcpy_w                            0x000004ff   Thumb Code   100  rt_memcpy_w.o(.text)
    _memcpy_lastbytes_aligned                0x00000547   Thumb Code     0  rt_memcpy_w.o(.text)
    __aeabi_memclr4                          0x00000563   Thumb Code     0  rt_memclr_w.o(.text)
    __aeabi_memclr8                          0x00000563   Thumb Code     0  rt_memclr_w.o(.text)
    __rt_memclr_w                            0x00000563   Thumb Code     0  rt_memclr_w.o(.text)
    _memset_w                                0x00000567   Thumb Code    74  rt_memclr_w.o(.text)
    __user_setup_stackheap                   0x000005b1   Thumb Code    74  sys_stackheap_outer.o(.text)
    exit                                     0x000005fb   Thumb Code    18  exit.o(.text)
    __user_libspace                          0x0000060d   Thumb Code     8  libspace.o(.text)
    __user_perproc_libspace                  0x0000060d   Thumb Code     0  libspace.o(.text)
    __user_perthread_libspace                0x0000060d   Thumb Code     0  libspace.o(.text)
    _sys_exit                                0x00000615   Thumb Code     8  sys_exit.o(.text)
    __I$use$semihosting                      0x00000621   Thumb Code     0  use_no_semi.o(.text)
    __use_no_semihosting_swi                 0x00000621   Thumb Code     2  use_no_semi.o(.text)
    __semihosting_library_function           0x00000623   Thumb Code     0  indicate_semi.o(.text)
    LCD_Cmd                                  0x00000625   Thumb Code    52  lcd.o(.text.LCD_Cmd)
    LCD_Data                                 0x00000659   Thumb Code    42  lcd.o(.text.LCD_Data)
    LCD_Init                                 0x00000685   Thumb Code   118  lcd.o(.text.LCD_Init)
    LCD_Reset                                0x000006fd   Thumb Code    10  lcd.o(.text.LCD_Reset)
    LCD_Row                                  0x00000709   Thumb Code    28  lcd.o(.text.LCD_Row)
    LCD_Show                                 0x00000725   Thumb Code    36  lcd.o(.text.LCD_Show)
    PendSV_Handler                           0x00000751   Thumb Code   100  port.o(.text.PendSV_Handler)
    SVC_Handler                              0x000007c1   Thumb Code    36  port.o(.text.SVC_Handler)
    SysTick_Handler                          0x000007e5   Thumb Code    46  port.o(.text.SysTick_Handler)
    SystemInit                               0x00000815   Thumb Code    18  system_tm4c123.o(.text.SystemInit)
    Task1                                    0x00000829   Thumb Code   180  main.o(.text.Task1)
    Task2                                    0x000008dd   Thumb Code   112  main.o(.text.Task2)
    Task3                                    0x0000099d   Thumb Code    84  main.o(.text.Task3)
    Task4                                    0x00000a09   Thumb Code    58  main.o(.text.Task4)
    adc_init                                 0x00000a45   Thumb Code   116  adc.o(.text.adc_init)
    adc_read                                 0x00000ab9   Thumb Code    36  adc.o(.text.adc_read)
    convertToString                          0x00000add   Thumb Code    60  main.o(.text.convertToString)
    delayMs                                  0x00000b19   Thumb Code    36  lcd.o(.text.delayMs)
    delayUs                                  0x00000b3d   Thumb Code    28  lcd.o(.text.delayUs)
    eTaskConfirmSleepModeStatus              0x00000b59   Thumb Code    72  tasks.o(.text.eTaskConfirmSleepModeStatus)
    main                                     0x00000ba1   Thumb Code   172  main.o(.text.main)
    print                                    0x00000c7d   Thumb Code    28  main.o(.text.print)
    printchar                                0x00000c99   Thumb Code    18  main.o(.text.printchar)
    pvPortMalloc                             0x00001729   Thumb Code   334  heap_4.o(.text.pvPortMalloc)
    pxPortInitialiseStack                    0x00001879   Thumb Code    40  port.o(.text.pxPortInitialiseStack)
    tiva_init                                0x000018a1   Thumb Code   256  main.o(.text.tiva_init)
    uxListRemove                             0x000019a1   Thumb Code    36  list.o(.text.uxListRemove)
    vListInitialise                          0x000019c5   Thumb Code    22  list.o(.text.vListInitialise)
    vListInitialiseItem                      0x000019dd   Thumb Code     6  list.o(.text.vListInitialiseItem)
    vListInsert                              0x000019e5   Thumb Code    58  list.o(.text.vListInsert)
    vPortEnterCritical                       0x00001a35   Thumb Code    70  port.o(.text.vPortEnterCritical)
    vPortExitCritical                        0x00001a7d   Thumb Code    46  port.o(.text.vPortExitCritical)
    vPortFree                                0x00001aad   Thumb Code   138  heap_4.o(.text.vPortFree)
    vPortSetupTimerInterrupt                 0x00001b39   Thumb Code   100  port.o(.text.vPortSetupTimerInterrupt)
    vPortSuppressTicksAndSleep               0x00001b9d   Thumb Code   276  port.o(.text.vPortSuppressTicksAndSleep)
    vQueueWaitForMessageRestricted           0x00001cb1   Thumb Code    68  queue.o(.text.vQueueWaitForMessageRestricted)
    vTaskDelay                               0x00001cf5   Thumb Code    84  tasks.o(.text.vTaskDelay)
    vTaskInternalSetTimeOutState             0x00001d49   Thumb Code    26  tasks.o(.text.vTaskInternalSetTimeOutState)
    vTaskMissedYield                         0x00001d65   Thumb Code    14  tasks.o(.text.vTaskMissedYield)
    vTaskPlaceOnEventList                    0x00001d75   Thumb Code    50  tasks.o(.text.vTaskPlaceOnEventList)
    vTaskPlaceOnEventListRestricted          0x00001da9   Thumb Code   110  tasks.o(.text.vTaskPlaceOnEventListRestricted)
    vTaskStartScheduler                      0x00001e19   Thumb Code   148  tasks.o(.text.vTaskStartScheduler)
    vTaskStepTick                            0x00001eb5   Thumb Code    54  tasks.o(.text.vTaskStepTick)
    vTaskSuspendAll                          0x00001eed   Thumb Code    16  tasks.o(.text.vTaskSuspendAll)
    vTaskSwitchContext                       0x00001efd   Thumb Code   134  tasks.o(.text.vTaskSwitchContext)
    xPortStartScheduler                      0x00001f85   Thumb Code   274  port.o(.text.xPortStartScheduler)
    xQueueGenericCreate                      0x00002099   Thumb Code    82  queue.o(.text.xQueueGenericCreate)
    xQueueGenericReset                       0x000020ed   Thumb Code   178  queue.o(.text.xQueueGenericReset)
    xQueueGenericSend                        0x000021a1   Thumb Code   464  queue.o(.text.xQueueGenericSend)
    xQueueReceive                            0x00002371   Thumb Code   388  queue.o(.text.xQueueReceive)
    xTaskCheckForTimeOut                     0x000024f5   Thumb Code   166  tasks.o(.text.xTaskCheckForTimeOut)
    xTaskCreate                              0x0000259d   Thumb Code    96  tasks.o(.text.xTaskCreate)
    xTaskGetSchedulerState                   0x000025fd   Thumb Code    38  tasks.o(.text.xTaskGetSchedulerState)
    xTaskGetTickCount                        0x00002625   Thumb Code    12  tasks.o(.text.xTaskGetTickCount)
    xTaskIncrementTick                       0x00002631   Thumb Code   426  tasks.o(.text.xTaskIncrementTick)
    xTaskPriorityDisinherit                  0x000027dd   Thumb Code   194  tasks.o(.text.xTaskPriorityDisinherit)
    xTaskRemoveFromEventList                 0x000028a1   Thumb Code   246  tasks.o(.text.xTaskRemoveFromEventList)
    xTaskResumeAll                           0x00002999   Thumb Code   364  tasks.o(.text.xTaskResumeAll)
    xTimerCreateTimerTask                    0x00002b05   Thumb Code    88  timers.o(.text.xTimerCreateTimerTask)
    _fp_init                                 0x00002b65   Thumb Code    26  fpinit.o(x$fpl$fpinit)
    __fplib_config_fpu_vfp                   0x00002b7d   Thumb Code     0  fpinit.o(x$fpl$fpinit)
    __fplib_config_pureend_doubles           0x00002b7d   Thumb Code     0  fpinit.o(x$fpl$fpinit)
    uxTopUsedPriority                        0x00002b80   Data           4  tasks.o(.rodata.uxTopUsedPriority)
    Region$$Table$$Base                      0x00002b84   Number         0  anon$$obj.o(Region$$Table)
    Region$$Table$$Limit                     0x00002ba4   Number         0  anon$$obj.o(Region$$Table)
    SystemCoreClock                          0x20000000   Data           4  system_tm4c123.o(.data.SystemCoreClock)
    __libspace_start                         0x20000008   Data          96  libspace.o(.bss)
    __temporary_stack_top$libspace           0x20000068   Data           0  libspace.o(.bss)
    pxCurrentTCB                             0x2000006c   Data           4  tasks.o(.bss.pxCurrentTCB)
    xBuzzerQueue                             0x20007668   Data           4  main.o(.bss.xBuzzerQueue)
    xLCDQueue                                0x2000769c   Data           4  main.o(.bss.xLCDQueue)
    xUARTQueue                               0x20007710   Data           4  main.o(.bss.xUARTQueue)



==============================================================================

Memory Map of the image

  Image Entry point : 0x0000030d

  Load Region LR_1 (Base: 0x00000000, Size: 0x00002bac, Max: 0xffffffff, ABSOLUTE)

    Execution Region ER_RO (Exec base: 0x00000000, Load base: 0x00000000, Size: 0x00002ba4, Max: 0xffffffff, ABSOLUTE)

    Exec Addr    Load Addr    Size         Type   Attr      Idx    E Section Name        Object

    0x00000000   0x00000000   0x0000026c   Data   RO           69    RESET               startup_tm4c123.o
    0x0000026c   0x0000026c   0x00000008   Code   RO          520  * !!!main             c_w.l(__main.o)
    0x00000274   0x00000274   0x00000034   Code   RO          687    !!!scatter          c_w.l(__scatter.o)
    0x000002a8   0x000002a8   0x0000001a   Code   RO          689    !!handler_copy      c_w.l(__scatter_copy.o)
    0x000002c2   0x000002c2   0x00000002   PAD
    0x000002c4   0x000002c4   0x0000001c   Code   RO          691    !!handler_zi        c_w.l(__scatter_zi.o)
    0x000002e0   0x000002e0   0x00000002   Code   RO          551    .ARM.Collect$$libinit$$00000000  c_w.l(libinit.o)
    0x000002e2   0x000002e2   0x00000004   Code   RO          557    .ARM.Collect$$libinit$$00000001  c_w.l(libinit2.o)
    0x000002e6   0x000002e6   0x00000000   Code   RO          560    .ARM.Collect$$libinit$$00000004  c_w.l(libinit2.o)
    0x000002e6   0x000002e6   0x00000000   Code   RO          563    .ARM.Collect$$libinit$$0000000A  c_w.l(libinit2.o)
    0x000002e6   0x000002e6   0x00000000   Code   RO          565    .ARM.Collect$$libinit$$0000000C  c_w.l(libinit2.o)
    0x000002e6   0x000002e6   0x00000000   Code   RO          567    .ARM.Collect$$libinit$$0000000E  c_w.l(libinit2.o)
    0x000002e6   0x000002e6   0x00000000   Code   RO          570    .ARM.Collect$$libinit$$00000011  c_w.l(libinit2.o)
    0x000002e6   0x000002e6   0x00000000   Code   RO          572    .ARM.Collect$$libinit$$00000013  c_w.l(libinit2.o)
    0x000002e6   0x000002e6   0x00000000   Code   RO          574    .ARM.Collect$$libinit$$00000015  c_w.l(libinit2.o)
    0x000002e6   0x000002e6   0x00000000   Code   RO          576    .ARM.Collect$$libinit$$00000017  c_w.l(libinit2.o)
    0x000002e6   0x000002e6   0x00000000   Code   RO          578    .ARM.Collect$$libinit$$00000019  c_w.l(libinit2.o)
    0x000002e6   0x000002e6   0x00000000   Code   RO          580    .ARM.Collect$$libinit$$0000001B  c_w.l(libinit2.o)
    0x000002e6   0x000002e6   0x00000000   Code   RO          582    .ARM.Collect$$libinit$$0000001D  c_w.l(libinit2.o)
    0x000002e6   0x000002e6   0x00000000   Code   RO          584    .ARM.Collect$$libinit$$0000001F  c_w.l(libinit2.o)
    0x000002e6   0x000002e6   0x00000000   Code   RO          586    .ARM.Collect$$libinit$$00000021  c_w.l(libinit2.o)
    0x000002e6   0x000002e6   0x00000000   Code   RO          588    .ARM.Collect$$libinit$$00000023  c_w.l(libinit2.o)
    0x000002e6   0x000002e6   0x00000000   Code   RO          590    .ARM.Collect$$libinit$$00000025  c_w.l(libinit2.o)
    0x000002e6   0x000002e6   0x00000000   Code   RO          594    .ARM.Collect$$libinit$$0000002C  c_w.l(libinit2.o)
    0x000002e6   0x000002e6   0x00000000   Code   RO          596    .ARM.Collect$$libinit$$0000002E  c_w.l(libinit2.o)
    0x000002e6   0x000002e6   0x00000000   Code   RO          598    .ARM.Collect$$libinit$$00000030  c_w.l(libinit2.o)
    0x000002e6   0x000002e6   0x00000000   Code   RO          600    .ARM.Collect$$libinit$$00000032  c_w.l(libinit2.o)
    0x000002e6   0x000002e6   0x00000002   Code   RO          601    .ARM.Collect$$libinit$$00000033  c_w.l(libinit2.o)
    0x000002e8   0x000002e8   0x00000002   Code   RO          623    .ARM.Collect$$libshutdown$$00000000  c_w.l(libshutdown.o)
    0x000002ea   0x000002ea   0x00000000   Code   RO          638    .ARM.Collect$$libshutdown$$00000002  c_w.l(libshutdown2.o)
    0x000002ea   0x000002ea   0x00000000   Code   RO          640    .ARM.Collect$$libshutdown$$00000004  c_w.l(libshutdown2.o)
    0x000002ea   0x000002ea   0x00000000   Code   RO          643    .ARM.Collect$$libshutdown$$00000007  c_w.l(libshutdown2.o)
    0x000002ea   0x000002ea   0x00000000   Code   RO          646    .ARM.Collect$$libshutdown$$0000000A  c_w.l(libshutdown2.o)
    0x000002ea   0x000002ea   0x00000000   Code   RO          648    .ARM.Collect$$libshutdown$$0000000C  c_w.l(libshutdown2.o)
    0x000002ea   0x000002ea   0x00000000   Code   RO          651    .ARM.Collect$$libshutdown$$0000000F  c_w.l(libshutdown2.o)
    0x000002ea   0x000002ea   0x00000002   Code   RO          652    .ARM.Collect$$libshutdown$$00000010  c_w.l(libshutdown2.o)
    0x000002ec   0x000002ec   0x00000000   Code   RO          522    .ARM.Collect$$rtentry$$00000000  c_w.l(__rtentry.o)
    0x000002ec   0x000002ec   0x00000000   Code   RO          528    .ARM.Collect$$rtentry$$00000002  c_w.l(__rtentry2.o)
    0x000002ec   0x000002ec   0x00000006   Code   RO          540    .ARM.Collect$$rtentry$$00000004  c_w.l(__rtentry4.o)
    0x000002f2   0x000002f2   0x00000000   Code   RO          530    .ARM.Collect$$rtentry$$00000009  c_w.l(__rtentry2.o)
    0x000002f2   0x000002f2   0x00000004   Code   RO          531    .ARM.Collect$$rtentry$$0000000A  c_w.l(__rtentry2.o)
    0x000002f6   0x000002f6   0x00000000   Code   RO          533    .ARM.Collect$$rtentry$$0000000C  c_w.l(__rtentry2.o)
    0x000002f6   0x000002f6   0x00000008   Code   RO          534    .ARM.Collect$$rtentry$$0000000D  c_w.l(__rtentry2.o)
    0x000002fe   0x000002fe   0x00000002   Code   RO          555    .ARM.Collect$$rtexit$$00000000  c_w.l(rtexit.o)
    0x00000300   0x00000300   0x00000000   Code   RO          603    .ARM.Collect$$rtexit$$00000002  c_w.l(rtexit2.o)
    0x00000300   0x00000300   0x00000004   Code   RO          604    .ARM.Collect$$rtexit$$00000003  c_w.l(rtexit2.o)
    0x00000304   0x00000304   0x00000006   Code   RO          605    .ARM.Collect$$rtexit$$00000004  c_w.l(rtexit2.o)
    0x0000030a   0x0000030a   0x00000002   PAD
    0x0000030c   0x0000030c   0x00000114   Code   RO           70  * .text               startup_tm4c123.o
    0x00000420   0x00000420   0x0000003e   Code   RO          512    .text               c_w.l(strlen.o)
    0x0000045e   0x0000045e   0x0000008a   Code   RO          514    .text               c_w.l(rt_memcpy_v6.o)
    0x000004e8   0x000004e8   0x00000010   Code   RO          516    .text               c_w.l(aeabi_memset4.o)
    0x000004f8   0x000004f8   0x00000006   Code   RO          518    .text               c_w.l(heapauxi.o)
    0x000004fe   0x000004fe   0x00000064   Code   RO          523    .text               c_w.l(rt_memcpy_w.o)
    0x00000562   0x00000562   0x0000004e   Code   RO          525    .text               c_w.l(rt_memclr_w.o)
    0x000005b0   0x000005b0   0x0000004a   Code   RO          542    .text               c_w.l(sys_stackheap_outer.o)
    0x000005fa   0x000005fa   0x00000012   Code   RO          544    .text               c_w.l(exit.o)
    0x0000060c   0x0000060c   0x00000008   Code   RO          552    .text               c_w.l(libspace.o)
    0x00000614   0x00000614   0x0000000c   Code   RO          613    .text               c_w.l(sys_exit.o)
    0x00000620   0x00000620   0x00000002   Code   RO          628    .text               c_w.l(use_no_semi.o)
    0x00000622   0x00000622   0x00000000   Code   RO          630    .text               c_w.l(indicate_semi.o)
    0x00000622   0x00000622   0x00000002   PAD
    0x00000624   0x00000624   0x00000034   Code   RO           36    .text.LCD_Cmd       lcd.o
    0x00000658   0x00000658   0x0000002a   Code   RO           40    .text.LCD_Data      lcd.o
    0x00000682   0x00000682   0x00000002   PAD
    0x00000684   0x00000684   0x00000076   Code   RO           38    .text.LCD_Init      lcd.o
    0x000006fa   0x000006fa   0x00000002   PAD
    0x000006fc   0x000006fc   0x0000000a   Code   RO           42    .text.LCD_Reset     lcd.o
    0x00000706   0x00000706   0x00000002   PAD
    0x00000708   0x00000708   0x0000001c   Code   RO           44    .text.LCD_Row       lcd.o
    0x00000724   0x00000724   0x00000024   Code   RO           46    .text.LCD_Show      lcd.o
    0x00000748   0x00000748   0x00000008   PAD
    0x00000750   0x00000750   0x00000064   Code   RO          132    .text.PendSV_Handler  port.o
    0x000007b4   0x000007b4   0x0000000c   PAD
    0x000007c0   0x000007c0   0x00000024   Code   RO          116    .text.SVC_Handler   port.o
    0x000007e4   0x000007e4   0x0000002e   Code   RO          134    .text.SysTick_Handler  port.o
    0x00000812   0x00000812   0x00000002   PAD
    0x00000814   0x00000814   0x00000012   Code   RO           81    .text.SystemInit    system_tm4c123.o
    0x00000826   0x00000826   0x00000002   PAD
    0x00000828   0x00000828   0x000000b4   Code   RO           10    .text.Task1         main.o
    0x000008dc   0x000008dc   0x000000c0   Code   RO           12    .text.Task2         main.o
    0x0000099c   0x0000099c   0x0000006c   Code   RO           14    .text.Task3         main.o
    0x00000a08   0x00000a08   0x0000003a   Code   RO           16    .text.Task4         main.o
    0x00000a42   0x00000a42   0x00000002   PAD
    0x00000a44   0x00000a44   0x00000074   Code   RO           56    .text.adc_init      adc.o
    0x00000ab8   0x00000ab8   0x00000024   Code   RO           58    .text.adc_read      adc.o
    0x00000adc   0x00000adc   0x0000003c   Code   RO            2    .text.convertToString  main.o
    0x00000b18   0x00000b18   0x00000024   Code   RO           34    .text.delayMs       lcd.o
    0x00000b3c   0x00000b3c   0x0000001c   Code   RO           32    .text.delayUs       lcd.o
    0x00000b58   0x00000b58   0x00000048   Code   RO          368    .text.eTaskConfirmSleepModeStatus  tasks.o
    0x00000ba0   0x00000ba0   0x000000dc   Code   RO           18    .text.main          main.o
    0x00000c7c   0x00000c7c   0x0000001c   Code   RO            6    .text.print         main.o
    0x00000c98   0x00000c98   0x00000012   Code   RO            4    .text.printchar     main.o
    0x00000caa   0x00000caa   0x00000002   PAD
    0x00000cac   0x00000cac   0x000000c6   Code   RO          290    .text.prvAddCurrentTaskToDelayedList  tasks.o
    0x00000d72   0x00000d72   0x00000002   PAD
    0x00000d74   0x00000d74   0x000000ce   Code   RO          278    .text.prvAddNewTaskToReadyList  tasks.o
    0x00000e42   0x00000e42   0x00000002   PAD
    0x00000e44   0x00000e44   0x0000005a   Code   RO          444    .text.prvCheckForValidListAndQueue  timers.o
    0x00000e9e   0x00000e9e   0x00000002   PAD
    0x00000ea0   0x00000ea0   0x0000004e   Code   RO          408    .text.prvCheckTasksWaitingTermination  tasks.o
    0x00000eee   0x00000eee   0x00000002   PAD
    0x00000ef0   0x00000ef0   0x00000026   Code   RO          224    .text.prvCopyDataFromQueue  queue.o
    0x00000f16   0x00000f16   0x00000002   PAD
    0x00000f18   0x00000f18   0x0000007a   Code   RO          210    .text.prvCopyDataToQueue  queue.o
    0x00000f92   0x00000f92   0x00000002   PAD
    0x00000f94   0x00000f94   0x00000012   Code   RO          284    .text.prvDeleteTCB  tasks.o
    0x00000fa6   0x00000fa6   0x00000002   PAD
    0x00000fa8   0x00000fa8   0x00000044   Code   RO          410    .text.prvGetExpectedIdleTime  tasks.o
    0x00000fec   0x00000fec   0x00000020   Code   RO          480    .text.prvGetNextExpireTime  timers.o
    0x0000100c   0x0000100c   0x00000074   Code   RO          156    .text.prvHeapInit   heap_4.o
    0x00001080   0x00001080   0x00000072   Code   RO          316    .text.prvIdleTask   tasks.o
    0x000010f2   0x000010f2   0x00000002   PAD
    0x000010f4   0x000010f4   0x00000024   Code   RO          190    .text.prvInitialiseNewQueue  queue.o
    0x00001118   0x00001118   0x000000aa   Code   RO          276    .text.prvInitialiseNewTask  tasks.o
    0x000011c2   0x000011c2   0x00000002   PAD
    0x000011c4   0x000011c4   0x0000006e   Code   RO          406    .text.prvInitialiseTaskLists  tasks.o
    0x00001232   0x00001232   0x00000002   PAD
    0x00001234   0x00001234   0x0000005a   Code   RO          158    .text.prvInsertBlockIntoFreeList  heap_4.o
    0x0000128e   0x0000128e   0x00000002   PAD
    0x00001290   0x00001290   0x00000040   Code   RO          494    .text.prvInsertTimerInActiveList  timers.o
    0x000012d0   0x000012d0   0x00000018   Code   RO          226    .text.prvIsQueueEmpty  queue.o
    0x000012e8   0x000012e8   0x0000001c   Code   RO          214    .text.prvIsQueueFull  queue.o
    0x00001304   0x00001304   0x0000008e   Code   RO          212    .text.prvNotifyQueueSetContainer  queue.o
    0x00001392   0x00001392   0x00000002   PAD
    0x00001394   0x00001394   0x00000028   Code   RO          124    .text.prvPortStartFirstTask  port.o
    0x000013bc   0x000013bc   0x0000003e   Code   RO          488    .text.prvProcessExpiredTimer  timers.o
    0x000013fa   0x000013fa   0x00000002   PAD
    0x000013fc   0x000013fc   0x00000112   Code   RO          484    .text.prvProcessReceivedCommands  timers.o
    0x0000150e   0x0000150e   0x00000002   PAD
    0x00001510   0x00001510   0x00000080   Code   RO          482    .text.prvProcessTimerOrBlockTask  timers.o
    0x00001590   0x00001590   0x0000003a   Code   RO          492    .text.prvReloadTimer  timers.o
    0x000015ca   0x000015ca   0x00000002   PAD
    0x000015cc   0x000015cc   0x00000026   Code   RO          282    .text.prvResetNextTaskUnblockTime  tasks.o
    0x000015f2   0x000015f2   0x00000002   PAD
    0x000015f4   0x000015f4   0x0000002a   Code   RO          486    .text.prvSampleTimeNow  timers.o
    0x0000161e   0x0000161e   0x00000002   PAD
    0x00001620   0x00001620   0x00000034   Code   RO          490    .text.prvSwitchTimerLists  timers.o
    0x00001654   0x00001654   0x00000032   Code   RO          114    .text.prvTaskExitError  port.o
    0x00001686   0x00001686   0x00000002   PAD
    0x00001688   0x00001688   0x00000016   Code   RO          446    .text.prvTimerTask  timers.o
    0x0000169e   0x0000169e   0x00000002   PAD
    0x000016a0   0x000016a0   0x00000086   Code   RO          216    .text.prvUnlockQueue  queue.o
    0x00001726   0x00001726   0x00000002   PAD
    0x00001728   0x00001728   0x0000014e   Code   RO          154    .text.pvPortMalloc  heap_4.o
    0x00001876   0x00001876   0x00000002   PAD
    0x00001878   0x00001878   0x00000028   Code   RO          112    .text.pxPortInitialiseStack  port.o
    0x000018a0   0x000018a0   0x00000100   Code   RO            8    .text.tiva_init     main.o
    0x000019a0   0x000019a0   0x00000024   Code   RO          102    .text.uxListRemove  list.o
    0x000019c4   0x000019c4   0x00000016   Code   RO           94    .text.vListInitialise  list.o
    0x000019da   0x000019da   0x00000002   PAD
    0x000019dc   0x000019dc   0x00000006   Code   RO           96    .text.vListInitialiseItem  list.o
    0x000019e2   0x000019e2   0x00000002   PAD
    0x000019e4   0x000019e4   0x0000003a   Code   RO          100    .text.vListInsert   list.o
    0x00001a1e   0x00001a1e   0x00000002   PAD
    0x00001a20   0x00001a20   0x00000014   Code   RO          122    .text.vPortEnableVFP  port.o
    0x00001a34   0x00001a34   0x00000046   Code   RO          128    .text.vPortEnterCritical  port.o
    0x00001a7a   0x00001a7a   0x00000002   PAD
    0x00001a7c   0x00001a7c   0x0000002e   Code   RO          130    .text.vPortExitCritical  port.o
    0x00001aaa   0x00001aaa   0x00000002   PAD
    0x00001aac   0x00001aac   0x0000008a   Code   RO          160    .text.vPortFree     heap_4.o
    0x00001b36   0x00001b36   0x00000002   PAD
    0x00001b38   0x00001b38   0x00000064   Code   RO          120    .text.vPortSetupTimerInterrupt  port.o
    0x00001b9c   0x00001b9c   0x00000114   Code   RO          136    .text.vPortSuppressTicksAndSleep  port.o
    0x00001cb0   0x00001cb0   0x00000044   Code   RO          254    .text.vQueueWaitForMessageRestricted  queue.o
    0x00001cf4   0x00001cf4   0x00000054   Code   RO          294    .text.vTaskDelay    tasks.o
    0x00001d48   0x00001d48   0x0000001a   Code   RO          358    .text.vTaskInternalSetTimeOutState  tasks.o
    0x00001d62   0x00001d62   0x00000002   PAD
    0x00001d64   0x00001d64   0x0000000e   Code   RO          362    .text.vTaskMissedYield  tasks.o
    0x00001d72   0x00001d72   0x00000002   PAD
    0x00001d74   0x00001d74   0x00000032   Code   RO          346    .text.vTaskPlaceOnEventList  tasks.o
    0x00001da6   0x00001da6   0x00000002   PAD
    0x00001da8   0x00001da8   0x0000006e   Code   RO          350    .text.vTaskPlaceOnEventListRestricted  tasks.o
    0x00001e16   0x00001e16   0x00000002   PAD
    0x00001e18   0x00001e18   0x0000009c   Code   RO          314    .text.vTaskStartScheduler  tasks.o
    0x00001eb4   0x00001eb4   0x00000036   Code   RO          340    .text.vTaskStepTick  tasks.o
    0x00001eea   0x00001eea   0x00000002   PAD
    0x00001eec   0x00001eec   0x00000010   Code   RO          288    .text.vTaskSuspendAll  tasks.o
    0x00001efc   0x00001efc   0x00000086   Code   RO          306    .text.vTaskSwitchContext  tasks.o
    0x00001f82   0x00001f82   0x00000002   PAD
    0x00001f84   0x00001f84   0x00000112   Code   RO          118    .text.xPortStartScheduler  port.o
    0x00002096   0x00002096   0x00000002   PAD
    0x00002098   0x00002098   0x00000052   Code   RO          188    .text.xQueueGenericCreate  queue.o
    0x000020ea   0x000020ea   0x00000002   PAD
    0x000020ec   0x000020ec   0x000000b2   Code   RO          186    .text.xQueueGenericReset  queue.o
    0x0000219e   0x0000219e   0x00000002   PAD
    0x000021a0   0x000021a0   0x000001d0   Code   RO          202    .text.xQueueGenericSend  queue.o
    0x00002370   0x00002370   0x00000184   Code   RO          222    .text.xQueueReceive  queue.o
    0x000024f4   0x000024f4   0x000000a6   Code   RO          360    .text.xTaskCheckForTimeOut  tasks.o
    0x0000259a   0x0000259a   0x00000002   PAD
    0x0000259c   0x0000259c   0x00000060   Code   RO          274    .text.xTaskCreate   tasks.o
    0x000025fc   0x000025fc   0x00000026   Code   RO          380    .text.xTaskGetSchedulerState  tasks.o
    0x00002622   0x00002622   0x00000002   PAD
    0x00002624   0x00002624   0x0000000c   Code   RO          322    .text.xTaskGetTickCount  tasks.o
    0x00002630   0x00002630   0x000001aa   Code   RO          320    .text.xTaskIncrementTick  tasks.o
    0x000027da   0x000027da   0x00000002   PAD
    0x000027dc   0x000027dc   0x000000c2   Code   RO          384    .text.xTaskPriorityDisinherit  tasks.o
    0x0000289e   0x0000289e   0x00000002   PAD
    0x000028a0   0x000028a0   0x000000f6   Code   RO          352    .text.xTaskRemoveFromEventList  tasks.o
    0x00002996   0x00002996   0x00000002   PAD
    0x00002998   0x00002998   0x0000016c   Code   RO          292    .text.xTaskResumeAll  tasks.o
    0x00002b04   0x00002b04   0x00000060   Code   RO          442    .text.xTimerCreateTimerTask  timers.o
    0x00002b64   0x00002b64   0x0000001a   Code   RO          611    x$fpl$fpinit        fz_wm.l(fpinit.o)
    0x00002b7e   0x00002b7e   0x00000002   PAD
    0x00002b80   0x00002b80   0x00000004   Data   RO          413    .rodata.uxTopUsedPriority  tasks.o
    0x00002b84   0x00002b84   0x00000020   Data   RO          686    Region$$Table       anon$$obj.o


    Execution Region ER_RW (Exec base: 0x20000000, Load base: 0x00002ba4, Size: 0x00000008, Max: 0xffffffff, ABSOLUTE)

    Exec Addr    Load Addr    Size         Type   Attr      Idx    E Section Name        Object

    0x20000000   0x00002ba4   0x00000004   Data   RW           83    .data.SystemCoreClock  system_tm4c123.o
    0x20000004   0x00002ba8   0x00000004   Data   RW          142    .data.uxCriticalNesting  port.o


    Execution Region ER_ZI (Exec base: 0x20000008, Load base: 0x00002bac, Size: 0x00007910, Max: 0xffffffff, ABSOLUTE)

    Exec Addr    Load Addr    Size         Type   Attr      Idx    E Section Name        Object

    0x20000008        -       0x00000060   Zero   RW          553    .bss                c_w.l(libspace.o)
    0x20000068        -       0x00000004   Zero   RW          500    .bss.prvSampleTimeNow.xLastTime  timers.o
    0x2000006c        -       0x00000004   Zero   RW          412    .bss.pxCurrentTCB   tasks.o
    0x20000070        -       0x00000004   Zero   RW          498    .bss.pxCurrentTimerList  timers.o
    0x20000074        -       0x00000004   Zero   RW          423    .bss.pxDelayedTaskList  tasks.o
    0x20000078        -       0x00000004   Zero   RW          170    .bss.pxEnd          heap_4.o
    0x2000007c        -       0x00000004   Zero   RW          424    .bss.pxOverflowDelayedTaskList  tasks.o
    0x20000080        -       0x00000004   Zero   RW          499    .bss.pxOverflowTimerList  timers.o
    0x20000084        -       0x00000064   Zero   RW          414    .bss.pxReadyTasksLists  tasks.o
    0x200000e8        -       0x00007530   Zero   RW          177    .bss.ucHeap         heap_4.o
    0x20007618        -       0x00000001   Zero   RW          140    .bss.ucMaxSysCallPriority  port.o
    0x20007619   0x00002bac   0x00000003   PAD
    0x2000761c        -       0x00000004   Zero   RW          141    .bss.ulMaxPRIGROUPValue  port.o
    0x20007620        -       0x00000001   Zero   RW          145    .bss.ulStoppedTimerCompensation  port.o
    0x20007621   0x00002bac   0x00000003   PAD
    0x20007624        -       0x00000004   Zero   RW          144    .bss.ulTimerCountsForOneTick  port.o
    0x20007628        -       0x00000004   Zero   RW          419    .bss.uxCurrentNumberOfTasks  tasks.o
    0x2000762c        -       0x00000004   Zero   RW          418    .bss.uxDeletedTasksWaitingCleanUp  tasks.o
    0x20007630        -       0x00000004   Zero   RW          421    .bss.uxSchedulerSuspended  tasks.o
    0x20007634        -       0x00000004   Zero   RW          416    .bss.uxTaskNumber   tasks.o
    0x20007638        -       0x00000004   Zero   RW          415    .bss.uxTopReadyPriority  tasks.o
    0x2000763c        -       0x00000014   Zero   RW          501    .bss.xActiveTimerList1  timers.o
    0x20007650        -       0x00000014   Zero   RW          502    .bss.xActiveTimerList2  timers.o
    0x20007664        -       0x00000001   Zero   RW          171    .bss.xBlockAllocatedBit  heap_4.o
    0x20007665   0x00002bac   0x00000003   PAD
    0x20007668        -       0x00000004   Zero   RW           22    .bss.xBuzzerQueue   main.o
    0x2000766c        -       0x00000014   Zero   RW          432    .bss.xDelayedTaskList1  tasks.o
    0x20007680        -       0x00000014   Zero   RW          433    .bss.xDelayedTaskList2  tasks.o
    0x20007694        -       0x00000004   Zero   RW          172    .bss.xFreeBytesRemaining  heap_4.o
    0x20007698        -       0x00000004   Zero   RW          428    .bss.xIdleTaskHandle  tasks.o
    0x2000769c        -       0x00000004   Zero   RW           21    .bss.xLCDQueue      main.o
    0x200076a0        -       0x00000004   Zero   RW          143    .bss.xMaximumPossibleSuppressedTicks  port.o
    0x200076a4        -       0x00000004   Zero   RW          174    .bss.xMinimumEverFreeBytesRemaining  heap_4.o
    0x200076a8        -       0x00000004   Zero   RW          429    .bss.xNextTaskUnblockTime  tasks.o
    0x200076ac        -       0x00000004   Zero   RW          431    .bss.xNumOfOverflows  tasks.o
    0x200076b0        -       0x00000004   Zero   RW          175    .bss.xNumberOfSuccessfulAllocations  heap_4.o
    0x200076b4        -       0x00000004   Zero   RW          176    .bss.xNumberOfSuccessfulFrees  heap_4.o
    0x200076b8        -       0x00000004   Zero   RW          430    .bss.xPendedTicks   tasks.o
    0x200076bc        -       0x00000014   Zero   RW          427    .bss.xPendingReadyList  tasks.o
    0x200076d0        -       0x00000004   Zero   RW          420    .bss.xSchedulerRunning  tasks.o
    0x200076d4        -       0x00000008   Zero   RW          173    .bss.xStart         heap_4.o
    0x200076dc        -       0x00000014   Zero   RW          425    .bss.xSuspendedTaskList  tasks.o
    0x200076f0        -       0x00000014   Zero   RW          417    .bss.xTasksWaitingTermination  tasks.o
    0x20007704        -       0x00000004   Zero   RW          422    .bss.xTickCount     tasks.o
    0x20007708        -       0x00000004   Zero   RW          496    .bss.xTimerQueue    timers.o
    0x2000770c        -       0x00000004   Zero   RW          497    .bss.xTimerTaskHandle  timers.o
    0x20007710        -       0x00000004   Zero   RW           20    .bss.xUARTQueue     main.o
    0x20007714        -       0x00000004   Zero   RW          426    .bss.xYieldPending  tasks.o
    0x20007718        -       0x00000000   Zero   RW           68    HEAP                startup_tm4c123.o
    0x20007718        -       0x00000200   Zero   RW           67    STACK               startup_tm4c123.o


==============================================================================

Image component sizes


      Code (inc. data)   RO Data    RW Data    ZI Data      Debug   Object Name

       152          0          0          0          0        692   adc.o
       678          0          0          0      30029       4850   heap_4.o
       350          0          0          0          0       1800   lcd.o
       122          0          0          0          0       2336   list.o
      1120        152          0          0         12       3542   main.o
      1098         16          0          4         14       5118   port.o
      1704          0          0          0          0      22852   queue.o
       276         24        620          0        512       5472   startup_tm4c123.o
        18          0          0          4          0       6492   system_tm4c123.o
      3258          8          4          0        260      34479   tasks.o
       920         18          0          0         60      12349   timers.o

    ----------------------------------------------------------------------
      9812        230        656          8      30896      99982   Object Totals
         0          0         32          0          0          0   (incl. Generated)
       116         12          0          0          9          0   (incl. Padding)

    ----------------------------------------------------------------------

      Code (inc. data)   RO Data    RW Data    ZI Data      Debug   Library Member Name

         8          0          0          0          0         68   __main.o
         0          0          0          0          0          0   __rtentry.o
        12          0          0          0          0          0   __rtentry2.o
         6          0          0          0          0          0   __rtentry4.o
        52          8          0          0          0          0   __scatter.o
        26          0          0          0          0          0   __scatter_copy.o
        28          0          0          0          0          0   __scatter_zi.o
        16          0          0          0          0         68   aeabi_memset4.o
        18          0          0          0          0         80   exit.o
         6          0          0          0          0        152   heapauxi.o
         0          0          0          0          0          0   indicate_semi.o
         2          0          0          0          0          0   libinit.o
         6          0          0          0          0          0   libinit2.o
         2          0          0          0          0          0   libshutdown.o
         2          0          0          0          0          0   libshutdown2.o
         8          4          0          0         96         68   libspace.o
        78          0          0          0          0         80   rt_memclr_w.o
       138          0          0          0          0         68   rt_memcpy_v6.o
       100          0          0          0          0         80   rt_memcpy_w.o
         2          0          0          0          0          0   rtexit.o
        10          0          0          0          0          0   rtexit2.o
        62          0          0          0          0         76   strlen.o
        12          4          0          0          0         68   sys_exit.o
        74          0          0          0          0         80   sys_stackheap_outer.o
         2          0          0          0          0         68   use_no_semi.o
        26          0          0          0          0        116   fpinit.o

    ----------------------------------------------------------------------
       704         16          0          0         96       1072   Library Totals
         8          0          0          0          0          0   (incl. Padding)

    ----------------------------------------------------------------------

      Code (inc. data)   RO Data    RW Data    ZI Data      Debug   Library Name

       670         16          0          0         96        956   c_w.l
        26          0          0          0          0        116   fz_wm.l

    ----------------------------------------------------------------------
       704         16          0          0         96       1072   Library Totals

    ----------------------------------------------------------------------

==============================================================================


      Code (inc. data)   RO Data    RW Data    ZI Data      Debug   

     10516        246        656          8      30992     100458   Grand Totals
     10516        246        656          8      30992     100458   ELF Image Totals
     10516        246        656          8          0          0   ROM Totals

==============================================================================

    Total RO  Size (Code + RO Data)                11172 (  10.91kB)
    Total RW  Size (RW Data + ZI Data)             31000 (  30.27kB)
    Total ROM Size (Code + RO Data + RW Data)      11180 (  10.92kB)

==============================================================================

